../../Drivers/CMSIS/Include/core_cm7.h:1896:22:__NVIC_EnableIRQ	16	static
../Core/Src/main.c:105:6:led_init	40	static
../Core/Src/main.c:128:6:led_on	16	static
../Core/Src/main.c:134:6:led_off	16	static
../Core/Src/main.c:140:6:led_set	24	static
../Core/Src/main.c:175:1:led_blink	24	static
../Core/Src/main.c:194:1:usart_getready	4	static
../Core/Src/main.c:203:1:usart_putready	4	static
../Core/Src/main.c:212:1:usart_getchar	4	static
../Core/Src/main.c:221:1:usart_putchar	16	static
../Core/Src/main.c:230:1:usart_ISRHandler	8	static
../Core/Src/main.c:255:1:usart_ena_txint	4	static
../Core/Src/main.c:262:1:usart_ena_rxint	4	static
../Core/Src/main.c:269:1:usart_dis_txint	4	static
../Core/Src/main.c:276:1:usart_dis_rxint	4	static
../Core/Src/main.c:283:1:usart_getchar_block	8	static
../Core/Src/main.c:290:1:usart_puts	16	static
../Core/Src/main.c:310:1:SIO_putchar	24	static
../Core/Src/main.c:349:1:SIO_puts	16	static
../Core/Src/main.c:361:1:SIO_getchar	16	static
../Core/Src/main.c:376:1:ciSIOCBR_readyReceive	16	static
../Core/Src/main.c:395:1:ciSIOCBR_readySend	16	static
../Core/Src/main.c:435:5:main	72	static
../Core/Src/main.c:667:6:SystemClock_Config	312	static
../Core/Src/main.c:775:13:MX_TIM2_Init	40	static
../Core/Src/main.c:899:13:MX_TIM5_Init	40	static
../Core/Src/main.c:962:6:TIM5_IRQHandler	4	static
../Core/Src/main.c:1010:13:MX_USART1_UART_Init	8	static
../Core/Src/main.c:1055:6:USART1_IRQHandler	8	static
../Core/Src/main.c:1066:13:MX_GPIO_Init	40	static
../Core/Src/main.c:1093:6:Error_Handler	8	static
