main.c:139:5:main	16	static
main.c:213:13:MX_ADC1_Init	48	static
main.c:278:13:MX_ADC3_Init	40	static
main.c:335:13:MX_ETH_Init	8	static
main.c:381:13:MX_HDMI_CEC_Init	8	static
main.c:417:13:MX_QUADSPI_Init	8	static
main.c:451:13:MX_RTC_Init	48	static
main.c:503:13:MX_SAI1_Init	8	static
main.c:572:13:MX_SDMMC1_SD_Init	8	static
main.c:604:13:MX_SPDIFRX1_Init	8	static
main.c:642:13:MX_SPI2_Init	8	static
main.c:690:13:MX_SPI5_Init	8	static
main.c:738:13:MX_TIM8_Init	96	static
main.c:808:13:MX_TIM13_Init	24	static
main.c:853:13:MX_UART8_Init	8	static
main.c:901:6:MX_USART1_UART_Init	8	static
main.c:949:13:MX_USB_OTG_HS_PCD_Init	8	static
main.c:981:6:MX_FMC_Init	40	static
main.c:1032:13:MX_GPIO_Init	56	static
main.c:1058:6:Error_Handler	4	static,ignoring_inline_asm
