stm32h7xx_hal_msp.c:66:6:HAL_MspInit	16	static
stm32h7xx_hal_msp.c:87:6:HAL_ADC_MspInit	56	static
stm32h7xx_hal_msp.c:148:6:HAL_ADC_MspDeInit	16	static
stm32h7xx_hal_msp.c:190:6:HAL_ETH_MspInit	64	static
stm32h7xx_hal_msp.c:251:6:HAL_ETH_MspDeInit	16	static
stm32h7xx_hal_msp.c:293:6:HAL_CEC_MspInit	48	static
stm32h7xx_hal_msp.c:331:6:HAL_CEC_MspDeInit	16	static
stm32h7xx_hal_msp.c:361:6:HAL_QSPI_MspInit	64	static
stm32h7xx_hal_msp.c:451:6:HAL_QSPI_MspDeInit	16	static
stm32h7xx_hal_msp.c:496:6:HAL_RTC_MspInit	16	static
stm32h7xx_hal_msp.c:518:6:HAL_RTC_MspDeInit	16	static
stm32h7xx_hal_msp.c:540:6:HAL_SD_MspInit	48	static
stm32h7xx_hal_msp.c:589:6:HAL_SD_MspDeInit	16	static
stm32h7xx_hal_msp.c:625:6:HAL_SPDIFRX_MspInit	48	static
stm32h7xx_hal_msp.c:660:6:HAL_SPDIFRX_MspDeInit	16	static
stm32h7xx_hal_msp.c:688:6:HAL_SPI_MspInit	64	static
stm32h7xx_hal_msp.c:768:6:HAL_SPI_MspDeInit	16	static
stm32h7xx_hal_msp.c:823:6:HAL_TIM_OC_MspInit	24	static
stm32h7xx_hal_msp.c:845:6:HAL_TIM_Base_MspInit	48	static
stm32h7xx_hal_msp.c:874:6:HAL_TIM_MspPostInit	40	static
stm32h7xx_hal_msp.c:907:6:HAL_TIM_OC_MspDeInit	16	static
stm32h7xx_hal_msp.c:929:6:HAL_TIM_Base_MspDeInit	16	static
stm32h7xx_hal_msp.c:957:6:HAL_UART_MspInit	48	static
stm32h7xx_hal_msp.c:1004:6:HAL_UART_MspDeInit	16	static
stm32h7xx_hal_msp.c:1044:6:HAL_PCD_MspInit	64	static
stm32h7xx_hal_msp.c:1124:6:HAL_PCD_MspDeInit	16	static
stm32h7xx_hal_msp.c:1169:13:HAL_FMC_MspInit	32	static
stm32h7xx_hal_msp.c:1297:6:HAL_SDRAM_MspInit	16	static
stm32h7xx_hal_msp.c:1309:13:HAL_FMC_MspDeInit	8	static
stm32h7xx_hal_msp.c:1405:6:HAL_SDRAM_MspDeInit	16	static
stm32h7xx_hal_msp.c:1417:6:HAL_SAI_MspInit	48	static
stm32h7xx_hal_msp.c:1474:6:HAL_SAI_MspDeInit	16	static
