Archive member included to satisfy reference by file (symbol)

.\libkernel.a(start.o)        objs/kernel_cfg.o (_kernel_start)
.\libkernel.a(core_support.o)
                              objs/kernel_cfg.o (_kernel_core_exc_entry)
.\libkernel.a(target_kernel_impl.o)
                              .\libkernel.a(start.o) (hardware_init_hook)
.\libkernel.a(stm32h7xx_hal_hsem.o)
                              main.o (HAL_HSEM_FastTake)
.\libkernel.a(stm32h7xx_hal.o)
                              main.o (HAL_Init)
.\libkernel.a(stm32h7xx_hal_pwr_ex.o)
                              main.o (HAL_PWREx_ConfigSupply)
.\libkernel.a(stm32h7xx_hal_rcc_ex.o)
                              main.o (HAL_RCCEx_PeriphCLKConfig)
.\libkernel.a(stm32h7xx_hal_gpio.o)
                              main.o (HAL_GPIO_Init)
.\libkernel.a(system_stm32h7xx_dualcore_boot_cm4_cm7.o)
                              .\libkernel.a(target_kernel_impl.o) (SystemInit)
.\libkernel.a(stm32h7xx_hal_cortex.o)
                              .\libkernel.a(stm32h7xx_hal.o) (HAL_NVIC_SetPriorityGrouping)
.\libkernel.a(stm32h7xx_hal_rcc.o)
                              main.o (HAL_RCC_OscConfig)
.\libkernel.a(stm32h7xx_hal_dma.o)
                              stm32h7xx_hal_uart.o (HAL_DMA_Start_IT)
.\libkernel.a(target_timer.o)
                              objs/kernel_cfg.o (target_hrt_initialize)
.\libkernel.a(core_kernel_impl.o)
                              .\libkernel.a(target_kernel_impl.o) (_kernel_core_terminate)
.\libkernel.a(startup.o)      .\libkernel.a(start.o) (sta_ker)
.\libkernel.a(task.o)         objs/kernel_cfg.o (_kernel_initialize_task)
.\libkernel.a(taskhook.o)     .\libkernel.a(task.o) (_kernel_mtxhook_release_all)
.\libkernel.a(time_event.o)   .\libkernel.a(startup.o) (_kernel_initialize_tmevt)
.\libkernel.a(task_manage.o)  objs/sample1.o (act_tsk)
.\libkernel.a(task_sync.o)    objs/sample1.o (slp_tsk)
.\libkernel.a(task_term.o)    objs/sample1.o (ext_tsk)
.\libkernel.a(semaphore.o)    objs/kernel_cfg.o (_kernel_initialize_semaphore)
.\libkernel.a(time_manage.o)  objs/sample1.o (get_tim)
.\libkernel.a(cyclic.o)       objs/kernel_cfg.o (_kernel_initialize_cyclic)
.\libkernel.a(alarm.o)        objs/kernel_cfg.o (_kernel_initialize_alarm)
.\libkernel.a(sys_manage.o)   objs/sample1.o (rot_rdq)
.\libkernel.a(interrupt.o)    objs/kernel_cfg.o (_kernel_initialize_interrupt)
.\libkernel.a(exception.o)    objs/kernel_cfg.o (_kernel_initialize_exception)
.\libkernel.a(wait.o)         .\libkernel.a(task_sync.o) (_kernel_make_wait_tmout)
c:/cygwin64/home/hiro2/arm-gcc/gcc-arm-11.2-2022.02-mingw-w64-i686-arm-none-eabi/bin/../lib/gcc/arm-none-eabi/11.2.1/thumb/v7e-m+dp/hard\libc.a(lib_a-errno.o)
                              syscalls.o (__errno)
c:/cygwin64/home/hiro2/arm-gcc/gcc-arm-11.2-2022.02-mingw-w64-i686-arm-none-eabi/bin/../lib/gcc/arm-none-eabi/11.2.1/thumb/v7e-m+dp/hard\libc.a(lib_a-impure.o)
                              c:/cygwin64/home/hiro2/arm-gcc/gcc-arm-11.2-2022.02-mingw-w64-i686-arm-none-eabi/bin/../lib/gcc/arm-none-eabi/11.2.1/thumb/v7e-m+dp/hard\libc.a(lib_a-errno.o) (_impure_ptr)
c:/cygwin64/home/hiro2/arm-gcc/gcc-arm-11.2-2022.02-mingw-w64-i686-arm-none-eabi/bin/../lib/gcc/arm-none-eabi/11.2.1/thumb/v7e-m+dp/hard\libc.a(lib_a-init.o)
                              .\libkernel.a(start.o) (__libc_init_array)
c:/cygwin64/home/hiro2/arm-gcc/gcc-arm-11.2-2022.02-mingw-w64-i686-arm-none-eabi/bin/../lib/gcc/arm-none-eabi/11.2.1/thumb/v7e-m+dp/hard\libc.a(lib_a-memset.o)
                              main.o (memset)
c:/cygwin64/home/hiro2/arm-gcc/gcc-arm-11.2-2022.02-mingw-w64-i686-arm-none-eabi/bin/../lib/gcc/arm-none-eabi/11.2.1/thumb/v7e-m+dp/hard\libc.a(lib_a-snprintf.o)
                              main.o (snprintf)
c:/cygwin64/home/hiro2/arm-gcc/gcc-arm-11.2-2022.02-mingw-w64-i686-arm-none-eabi/bin/../lib/gcc/arm-none-eabi/11.2.1/thumb/v7e-m+dp/hard\libc.a(lib_a-strlen.o)
                              main.o (strlen)
c:/cygwin64/home/hiro2/arm-gcc/gcc-arm-11.2-2022.02-mingw-w64-i686-arm-none-eabi/bin/../lib/gcc/arm-none-eabi/11.2.1/thumb/v7e-m+dp/hard\libc.a(lib_a-strnlen.o)
                              main.o (strnlen)
c:/cygwin64/home/hiro2/arm-gcc/gcc-arm-11.2-2022.02-mingw-w64-i686-arm-none-eabi/bin/../lib/gcc/arm-none-eabi/11.2.1/thumb/v7e-m+dp/hard\libc.a(lib_a-svfprintf.o)
                              c:/cygwin64/home/hiro2/arm-gcc/gcc-arm-11.2-2022.02-mingw-w64-i686-arm-none-eabi/bin/../lib/gcc/arm-none-eabi/11.2.1/thumb/v7e-m+dp/hard\libc.a(lib_a-snprintf.o) (_svfprintf_r)
c:/cygwin64/home/hiro2/arm-gcc/gcc-arm-11.2-2022.02-mingw-w64-i686-arm-none-eabi/bin/../lib/gcc/arm-none-eabi/11.2.1/thumb/v7e-m+dp/hard\libc.a(lib_a-wcrtomb.o)
                              c:/cygwin64/home/hiro2/arm-gcc/gcc-arm-11.2-2022.02-mingw-w64-i686-arm-none-eabi/bin/../lib/gcc/arm-none-eabi/11.2.1/thumb/v7e-m+dp/hard\libc.a(lib_a-svfprintf.o) (_wcrtomb_r)
[...]
Memory Configuration

Name             Origin             Length             Attributes
FLASH            0x08000000         0x00100000         xr
SRAM             0x20000000         0x00020000         xrw
*default*        0x00000000         0xffffffff

Linker script and memory map

                [!provide]                PROVIDE (hardware_init_hook = 0x0)
                0x00000000                PROVIDE (software_init_hook = 0x0)
                [!provide]                PROVIDE (software_term_hook = 0x0)
                0x20020000                _estack = 0x20020000
                0x00000200                _Min_Heap_Size = 0x200
                0x00000400                _Min_Stack_Size = 0x400

.text           0x08000000     0xe014
                0x08000000                . = ALIGN (0x4)
                0x08000000                __text = .
 *(.vector)
 *(.text)
 .text          0x08000000       0x60 .\libkernel.a(start.o)
                0x08000000                _kernel_start
 .text          0x08000060      0x230 .\libkernel.a(core_support.o)
                0x08000060                _kernel_core_exc_entry
                0x0800009e                PendSV_Handler
                0x08000162                _kernel_svc_handler
                0x0800018a                _kernel_start_dispatch
                0x080001ae                _kernel_exit_and_dispatch
                0x080001b6                _kernel_do_dispatch
                0x08000224                _kernel_start_r
                0x08000248                _kernel_call_exit_kernel
                0x08000258                sil_dly_nse
 *fill*         0x08000290       0x30 
 .text          0x080002c0       0xdc c:/cygwin64/home/hiro2/arm-gcc/gcc-arm-11.2-2022.02-mingw-w64-i686-arm-none-eabi/bin/../lib/gcc/arm-none-eabi/11.2.1/thumb/v7e-m+dp/hard\libc.a(lib_a-strlen.o)
                0x080002c0                strlen
 *fill*         0x0800039c        0x4 
 .text          0x080003a0       0xa0 c:/cygwin64/home/hiro2/arm-gcc/gcc-arm-11.2-2022.02-mingw-w64-i686-arm-none-eabi/bin/../lib/gcc/arm-none-eabi/11.2.1/thumb/v7e-m+dp/hard\libc.a(lib_a-memchr.o)
                0x080003a0                memchr
 .text          0x08000440      0x134 c:/cygwin64/home/hiro2/arm-gcc/gcc-arm-11.2-2022.02-mingw-w64-i686-arm-none-eabi/bin/../lib/gcc/arm-none-eabi/11.2.1/thumb/v7e-m+dp/hard\libc.a(lib_a-memcpy.o)
                0x08000440                memcpy
 .text          0x08000574       0x30 c:/cygwin64/home/hiro2/arm-gcc/gcc-arm-11.2-2022.02-mingw-w64-i686-arm-none-eabi/bin/../lib/gcc/arm-none-eabi/11.2.1/thumb/v7e-m+dp/hard\libgcc.a(_aeabi_uldivmod.o)
                0x08000574                __aeabi_uldivmod
 .text          0x080005a4        0x4 c:/cygwin64/home/hiro2/arm-gcc/gcc-arm-11.2-2022.02-mingw-w64-i686-arm-none-eabi/bin/../lib/gcc/arm-none-eabi/11.2.1/thumb/v7e-m+dp/hard\libgcc.a(_dvmd_tls.o)
                0x080005a4                __aeabi_idiv0
                0x080005a4                __aeabi_ldiv0
 *(.text.*)
 .text.syslog   0x080005a8       0x28 objs/sample1.o
 .text.t_perror.constprop.0
                0x080005d0       0x24 objs/sample1.o
 .text.task     0x080005f4      0x274 objs/sample1.o
                0x080005f4                task
 .text.cpuexc_handler
                0x08000868      0x128 objs/sample1.o
                0x08000868                cpuexc_handler
 .text.cyclic_handler
                0x08000990       0x9c objs/sample1.o
                0x08000990                cyclic_handler
 .text.alarm_handler
                0x08000a2c       0x9c objs/sample1.o
                0x08000a2c                alarm_handler
 .text.exc_task
                0x08000ac8       0x40 objs/sample1.o
                0x08000ac8                exc_task
 .text.main_task
                0x08000b08      0x6cc objs/sample1.o
                0x08000b08                main_task
 .text.convert  0x080011d4       0x90 objs/log_output.o
 .text.syslog_printf
                0x08001264      0x18c objs/log_output.o
                0x08001264                syslog_printf
 .text.syslog_print
                0x080013f0       0x38 objs/log_output.o
                0x080013f0                syslog_print
 .text.syslog_lostmsg
                0x08001428       0x20 objs/log_output.o
                0x08001428                syslog_lostmsg
 .text.tt_syslog
                0x08001448      0x1a0 objs/vasyslog.o
                0x08001448                tt_syslog
 .text.tt_perror
                0x080015e8       0x34 objs/t_perror.o
                0x080015e8                tt_perror
 .text.itron_strerror
                0x0800161c       0x1c objs/strerror.o
                0x0800161c                itron_strerror
 .text.SystemClock_Config
                0x08001638      0x134 main.o
                0x08001638                SystemClock_Config
 .text.startup.main
                0x0800176c      0x52c main.o
                0x0800176c                main
 .text._getpid  0x08001c98        0x4 syscalls.o
                0x08001c98                _getpid
 .text._kill    0x08001c9c       0x14 syscalls.o
                0x08001c9c                _kill
 .text._exit    0x08001cb0        0xc syscalls.o
                0x08001cb0                _exit
 .text._read    0x08001cbc       0x1c syscalls.o
                0x08001cbc                _read
 .text._write   0x08001cd8       0x1c syscalls.o
                0x08001cd8                _write
 .text._close   0x08001cf4        0x8 syscalls.o
                0x08001cf4                _close
 .text._fstat   0x08001cfc        0xc syscalls.o
                0x08001cfc                _fstat
 .text._isatty  0x08001d08        0x4 syscalls.o
                0x08001d08                _isatty
 .text._lseek   0x08001d0c        0x4 syscalls.o
                0x08001d0c                _lseek
 .text._sbrk    0x08001d10       0x48 sysmem.o
                0x08001d10                _sbrk
 .text.UART_TxISR_8BIT
                0x08001d58       0x40 stm32h7xx_hal_uart.o
 .text.UART_TxISR_16BIT
                0x08001d98       0x44 stm32h7xx_hal_uart.o
 .text.UART_TxISR_8BIT_FIFOEN
                0x08001ddc       0x60 stm32h7xx_hal_uart.o
 .text.UART_TxISR_16BIT_FIFOEN
                0x08001e3c       0x64 stm32h7xx_hal_uart.o
 .text.HAL_UART_MspInit
                0x08001ea0        0x4 stm32h7xx_hal_uart.o
                0x08001ea0                HAL_UART_MspInit
 .text.HAL_UART_Transmit_IT
                0x08001ea4       0xb4 stm32h7xx_hal_uart.o
                0x08001ea4                HAL_UART_Transmit_IT
 .text.UART_SetConfig
                0x08001f58      0x548 stm32h7xx_hal_uart.o
                0x08001f58                UART_SetConfig
 .text.UART_AdvFeatureConfig
                0x080024a0       0xb0 stm32h7xx_hal_uart.o
                0x080024a0                UART_AdvFeatureConfig
 .text.UART_WaitOnFlagUntilTimeout
                0x08002550       0xb0 stm32h7xx_hal_uart.o
                0x08002550                UART_WaitOnFlagUntilTimeout
 .text.HAL_UART_Transmit
                0x08002600       0xe4 stm32h7xx_hal_uart.o
                0x08002600                HAL_UART_Transmit
 .text.UART_CheckIdleState
                0x080026e4       0x74 stm32h7xx_hal_uart.o
                0x080026e4                UART_CheckIdleState
 .text.HAL_UART_Init
                0x08002758       0x68 stm32h7xx_hal_uart.o
                0x08002758                HAL_UART_Init
 .text.HAL_TIM_Base_MspInit
                0x080027c0        0x4 stm32h7xx_hal_tim.o
                0x080027c0                HAL_TIM_Base_MspInit
 .text.HAL_TIM_Base_Start
                0x080027c4       0x38 stm32h7xx_hal_tim.o
                0x080027c4                HAL_TIM_Base_Start
 .text.HAL_TIM_Base_Stop
                0x080027fc       0x2c stm32h7xx_hal_tim.o
                0x080027fc                HAL_TIM_Base_Stop
 .text.HAL_TIM_Base_Start_IT
                0x08002828       0x40 stm32h7xx_hal_tim.o
                0x08002828                HAL_TIM_Base_Start_IT
 .text.HAL_TIM_ConfigClockSource
                0x08002868      0x17c stm32h7xx_hal_tim.o
                0x08002868                HAL_TIM_ConfigClockSource
 .text.TIM_Base_SetConfig
                0x080029e4      0x118 stm32h7xx_hal_tim.o
                0x080029e4                TIM_Base_SetConfig
 .text.HAL_TIM_Base_Init
                0x08002afc       0x64 stm32h7xx_hal_tim.o
                0x08002afc                HAL_TIM_Base_Init
 .text.HAL_TIMEx_MasterConfigSynchronization
                0x08002b60       0xa8 stm32h7xx_hal_tim_ex.o
                0x08002b60                HAL_TIMEx_MasterConfigSynchronization
 .text.UARTEx_SetNbDataToProcess
                0x08002c08       0x74 stm32h7xx_hal_uart_ex.o
 .text.HAL_UARTEx_DisableFifoMode
                0x08002c7c       0x3c stm32h7xx_hal_uart_ex.o
                0x08002c7c                HAL_UARTEx_DisableFifoMode
 .text.HAL_UARTEx_SetTxFifoThreshold
                0x08002cb8       0x40 stm32h7xx_hal_uart_ex.o
                0x08002cb8                HAL_UARTEx_SetTxFifoThreshold
 .text.HAL_UARTEx_SetRxFifoThreshold
                0x08002cf8       0x40 stm32h7xx_hal_uart_ex.o
                0x08002cf8                HAL_UARTEx_SetRxFifoThreshold
 .text.tTask_CB_initialize
                0x08002d38        0x4 objs/tTask_tecsgen.o
                0x08002d38                tTask_CB_initialize
 .text.tSemaphore_CB_initialize
                0x08002d3c        0x4 objs/tSemaphore_tecsgen.o
                0x08002d3c                tSemaphore_CB_initialize
 .text.tInterruptRequest_CB_initialize
                0x08002d40        0x4 objs/tInterruptRequest_tecsgen.o
                0x08002d40                tInterruptRequest_CB_initialize
 .text.tISR_CB_initialize
                0x08002d44        0x4 objs/tISR_tecsgen.o
                0x08002d44                tISR_CB_initialize
 .text.tInitializeRoutine_CB_initialize
                0x08002d48        0x4 objs/tInitializeRoutine_tecsgen.o
                0x08002d48                tInitializeRoutine_CB_initialize
 .text.tTerminateRoutine_CB_initialize
                0x08002d4c        0x4 objs/tTerminateRoutine_tecsgen.o
                0x08002d4c                tTerminateRoutine_CB_initialize
 .text.tSerialPortMain_eSerialPort_open_skel
                0x08002d50        0x8 objs/tSerialPortMain_tecsgen.o
                0x08002d50                tSerialPortMain_eSerialPort_open_skel
 .text.tSerialPortMain_eSerialPort_close_skel
                0x08002d58        0x8 objs/tSerialPortMain_tecsgen.o
                0x08002d58                tSerialPortMain_eSerialPort_close_skel
 .text.tSerialPortMain_eSerialPort_read_skel
                0x08002d60        0x8 objs/tSerialPortMain_tecsgen.o
                0x08002d60                tSerialPortMain_eSerialPort_read_skel
 .text.tSerialPortMain_eSerialPort_write_skel
                0x08002d68        0x8 objs/tSerialPortMain_tecsgen.o
                0x08002d68                tSerialPortMain_eSerialPort_write_skel
 .text.tSerialPortMain_eSerialPort_control_skel
                0x08002d70        0x8 objs/tSerialPortMain_tecsgen.o
                0x08002d70                tSerialPortMain_eSerialPort_control_skel
 .text.tSerialPortMain_eSerialPort_refer_skel
                0x08002d78        0x8 objs/tSerialPortMain_tecsgen.o
                0x08002d78                tSerialPortMain_eSerialPort_refer_skel
 .text.tSerialPortMain_CB_initialize
                0x08002d80       0x14 objs/tSerialPortMain_tecsgen.o
                0x08002d80                tSerialPortMain_CB_initialize
 .text.tSerialAdapter_CB_initialize
                0x08002d94        0x4 objs/tSerialAdapter_tecsgen.o
                0x08002d94                tSerialAdapter_CB_initialize
 .text.tSysLog_CB_initialize
                0x08002d98       0x28 objs/tSysLog_tecsgen.o
                0x08002d98                tSysLog_CB_initialize
 .text.tSysLogAdapter_CB_initialize
                0x08002dc0        0x4 objs/tSysLogAdapter_tecsgen.o
                0x08002dc0                tSysLogAdapter_CB_initialize
 .text.tLogTaskMain_CB_initialize
                0x08002dc4        0x4 objs/tLogTaskMain_tecsgen.o
                0x08002dc4                tLogTaskMain_CB_initialize
 .text.tBannerMain_CB_initialize
                0x08002dc8        0x4 objs/tBannerMain_tecsgen.o
                0x08002dc8                tBannerMain_CB_initialize
 .text.tPutLogTarget_CB_initialize
                0x08002dcc        0x4 objs/tPutLogTarget_tecsgen.o
                0x08002dcc                tPutLogTarget_CB_initialize
 .text.tUsart_CB_initialize
                0x08002dd0        0x4 objs/tUsart_tecsgen.o
                0x08002dd0                tUsart_CB_initialize
 .text.tSIOPortTargetMain_CB_initialize
                0x08002dd4        0x4 objs/tSIOPortTargetMain_tecsgen.o
                0x08002dd4                tSIOPortTargetMain_CB_initialize
 .text.tTask_start
                0x08002dd8        0x4 objs/tTask.o
                0x08002dd8                tTask_start
 .text.tISR_start
                0x08002ddc        0xc objs/tISR.o
                0x08002ddc                tISR_start
 .text.tInitializeRoutine_start
                0x08002de8        0x4 objs/tInitializeRoutine.o
                0x08002de8                tInitializeRoutine_start
 .text.tTerminateRoutine_start
                0x08002dec        0x4 objs/tTerminateRoutine.o
                0x08002dec                tTerminateRoutine_start
 .text.serialPort_writeChar
                0x08002df0       0xa8 objs/tSerialPortMain.o
 .text.tSerialPortMain_eSerialPort_open
                0x08002e98       0x90 objs/tSerialPortMain.o
                0x08002e98                tSerialPortMain_eSerialPort_open
 .text.tSerialPortMain_eSerialPort_close
                0x08002f28       0x90 objs/tSerialPortMain.o
                0x08002f28                tSerialPortMain_eSerialPort_close
 .text.tSerialPortMain_eSerialPort_write
                0x08002fb8       0xa0 objs/tSerialPortMain.o
                0x08002fb8                tSerialPortMain_eSerialPort_write
 .text.tSerialPortMain_eSerialPort_read
                0x08003058      0x17c objs/tSerialPortMain.o
                0x08003058                tSerialPortMain_eSerialPort_read
 .text.tSerialPortMain_eSerialPort_control
                0x080031d4       0x2c objs/tSerialPortMain.o
                0x080031d4                tSerialPortMain_eSerialPort_control
 .text.tSerialPortMain_eSerialPort_refer
                0x08003200       0x30 objs/tSerialPortMain.o
                0x08003200                tSerialPortMain_eSerialPort_refer
 .text.tSerialPortMain_eiSIOCBR_readySend
                0x08003230       0x74 objs/tSerialPortMain.o
                0x08003230                tSerialPortMain_eiSIOCBR_readySend
 .text.tSerialPortMain_eiSIOCBR_readyReceive
                0x080032a4      0x110 objs/tSerialPortMain.o
                0x080032a4                tSerialPortMain_eiSIOCBR_readyReceive
 .text.tSerialPortMain_enSerialPortManage_getChar
                0x080033b4       0x38 objs/tSerialPortMain.o
                0x080033b4                tSerialPortMain_enSerialPortManage_getChar
 .text.serial_opn_por
                0x080033ec       0x3c objs/tSerialAdapter.o
                0x080033ec                serial_opn_por
 .text.serial_rea_dat
                0x08003428       0x44 objs/tSerialAdapter.o
                0x08003428                serial_rea_dat
 .text.serial_ctl_por
                0x0800346c       0x40 objs/tSerialAdapter.o
                0x0800346c                serial_ctl_por
 .text.low_putchar
                0x080034ac        0x4 objs/tSysLog.o
 .text.tSysLog_eSysLog_write
                0x080034b0       0x94 objs/tSysLog.o
                0x080034b0                tSysLog_eSysLog_write
 .text.tSysLog_eSysLog_read
                0x08003544       0x7c objs/tSysLog.o
                0x08003544                tSysLog_eSysLog_read
 .text.tSysLog_eSysLog_mask
                0x080035c0       0x1c objs/tSysLog.o
                0x080035c0                tSysLog_eSysLog_mask
 .text.syslog_wri_log
                0x080035dc        0x4 objs/tSysLogAdapter.o
                0x080035dc                syslog_wri_log
 .text.syslog_msk_log
                0x080035e0        0x4 objs/tSysLogAdapter.o
                0x080035e0                syslog_msk_log
 .text.logtask_putc
                0x080035e4       0x20 objs/tLogTaskMain.o
 .text.target_fput_log
                0x08003604        0x4 objs/tLogTaskMain.o
 .text.tLogTaskMain_eLogTaskBody_main
                0x08003608       0x5c objs/tLogTaskMain.o
                0x08003608                tLogTaskMain_eLogTaskBody_main
 .text.tLogTaskMain_eLogTaskTerminate_main
                0x08003664       0x6c objs/tLogTaskMain.o
                0x08003664                tLogTaskMain_eLogTaskTerminate_main
 .text.tBannerMain_eBannerInitialize_main
                0x080036d0       0x34 objs/tBannerMain.o
                0x080036d0                tBannerMain_eBannerInitialize_main
 .text.tPutLogTarget_ePutLog_putChar
                0x08003704       0x2c objs/tPutLogTarget.o
                0x08003704                tPutLogTarget_ePutLog_putChar
 .text.tUsart_eSIOPort_open
                0x08003730        0x4 objs/tUsart.o
                0x08003730                tUsart_eSIOPort_open
 .text.tUsart_eSIOPort_close
                0x08003734        0x4 objs/tUsart.o
                0x08003734                tUsart_eSIOPort_close
 .text.tUsart_eSIOPort_putChar
                0x08003738       0x10 objs/tUsart.o
                0x08003738                tUsart_eSIOPort_putChar
 .text.tUsart_eSIOPort_getChar
                0x08003748       0x14 objs/tUsart.o
                0x08003748                tUsart_eSIOPort_getChar
 .text.tUsart_eSIOPort_enableCBR
                0x0800375c       0x24 objs/tUsart.o
                0x0800375c                tUsart_eSIOPort_enableCBR
 .text.tUsart_eSIOPort_disableCBR
                0x08003780       0x24 objs/tUsart.o
                0x08003780                tUsart_eSIOPort_disableCBR
 .text.tUsart_eiISR_main
                0x080037a4       0x38 objs/tUsart.o
                0x080037a4                tUsart_eiISR_main
 .text.initialize_tecs
                0x080037dc       0x44 objs/init_tecs.o
                0x080037dc                initialize_tecs
 .text._kernel_inthdr_53
                0x08003820        0xc objs/kernel_cfg.o
                0x08003820                _kernel_inthdr_53
 .text._kernel_initialize_object
                0x0800382c       0x20 objs/kernel_cfg.o
                0x0800382c                _kernel_initialize_object
 .text.hardware_init_hook
                0x0800384c       0x18 .\libkernel.a(target_kernel_impl.o)
                0x0800384c                hardware_init_hook
 .text._kernel_target_initialize
                0x08003864        0x4 .\libkernel.a(target_kernel_impl.o)
                0x08003864                _kernel_target_initialize
 .text._kernel_target_exit
                0x08003868        0x8 .\libkernel.a(target_kernel_impl.o)
                0x08003868                _kernel_target_exit
 .text.HAL_InitTick
                0x08003870        0x4 .\libkernel.a(target_kernel_impl.o)
                0x08003870                HAL_InitTick
 .text.HAL_GetTick
                0x08003874       0x18 .\libkernel.a(target_kernel_impl.o)
                0x08003874                HAL_GetTick
 .text.software_term_hook
                0x0800388c        0x4 .\libkernel.a(target_kernel_impl.o)
                0x0800388c                software_term_hook
 .text.HAL_HSEM_FastTake
                0x08003890       0x1c .\libkernel.a(stm32h7xx_hal_hsem.o)
                0x08003890                HAL_HSEM_FastTake
 .text.HAL_HSEM_Release
                0x080038ac       0x10 .\libkernel.a(stm32h7xx_hal_hsem.o)
                0x080038ac                HAL_HSEM_Release
 .text.HAL_MspInit
                0x080038bc        0x4 .\libkernel.a(stm32h7xx_hal.o)
                0x080038bc                HAL_MspInit
 .text.HAL_Init
                0x080038c0       0x60 .\libkernel.a(stm32h7xx_hal.o)
                0x080038c0                HAL_Init
 .text.HAL_GetREVID
                0x08003920        0xc .\libkernel.a(stm32h7xx_hal.o)
                0x08003920                HAL_GetREVID
 .text.HAL_PWREx_ConfigSupply
                0x0800392c       0x78 .\libkernel.a(stm32h7xx_hal_pwr_ex.o)
                0x0800392c                HAL_PWREx_ConfigSupply
 .text.RCCEx_PLL2_Config
                0x080039a4       0xf4 .\libkernel.a(stm32h7xx_hal_rcc_ex.o)
 .text.RCCEx_PLL3_Config
                0x08003a98       0xf4 .\libkernel.a(stm32h7xx_hal_rcc_ex.o)
 .text.HAL_RCCEx_PeriphCLKConfig
                0x08003b8c      0xacc .\libkernel.a(stm32h7xx_hal_rcc_ex.o)
                0x08003b8c                HAL_RCCEx_PeriphCLKConfig
 .text.HAL_RCCEx_GetD1PCLK1Freq
                0x08004658       0x24 .\libkernel.a(stm32h7xx_hal_rcc_ex.o)
                0x08004658                HAL_RCCEx_GetD1PCLK1Freq
 .text.HAL_RCCEx_GetD3PCLK1Freq
                0x0800467c       0x24 .\libkernel.a(stm32h7xx_hal_rcc_ex.o)
                0x0800467c                HAL_RCCEx_GetD3PCLK1Freq
 .text.HAL_RCCEx_GetPLL2ClockFreq
                0x080046a0      0x158 .\libkernel.a(stm32h7xx_hal_rcc_ex.o)
                0x080046a0                HAL_RCCEx_GetPLL2ClockFreq
 .text.HAL_RCCEx_GetPLL3ClockFreq
                0x080047f8      0x158 .\libkernel.a(stm32h7xx_hal_rcc_ex.o)
                0x080047f8                HAL_RCCEx_GetPLL3ClockFreq
 .text.HAL_RCCEx_GetD1SysClockFreq
                0x08004950       0x44 .\libkernel.a(stm32h7xx_hal_rcc_ex.o)
                0x08004950                HAL_RCCEx_GetD1SysClockFreq
 .text.HAL_GPIO_Init
                0x08004994      0x284 .\libkernel.a(stm32h7xx_hal_gpio.o)
                0x08004994                HAL_GPIO_Init
 .text.SystemInit
                0x08004c18       0xec .\libkernel.a(system_stm32h7xx_dualcore_boot_cm4_cm7.o)
                0x08004c18                SystemInit
 .text.HAL_NVIC_SetPriorityGrouping
                0x08004d04       0x24 .\libkernel.a(stm32h7xx_hal_cortex.o)
                0x08004d04                HAL_NVIC_SetPriorityGrouping
 .text.HAL_RCC_GetSysClockFreq.part.0
                0x08004d28      0x108 .\libkernel.a(stm32h7xx_hal_rcc.o)
 .text.HAL_RCC_OscConfig
                0x08004e30      0x5cc .\libkernel.a(stm32h7xx_hal_rcc.o)
                0x08004e30                HAL_RCC_OscConfig
 .text.HAL_RCC_MCOConfig
                0x080053fc       0xa4 .\libkernel.a(stm32h7xx_hal_rcc.o)
                0x080053fc                HAL_RCC_MCOConfig
 .text.HAL_RCC_EnableCSS
                0x080054a0       0x10 .\libkernel.a(stm32h7xx_hal_rcc.o)
                0x080054a0                HAL_RCC_EnableCSS
 .text.HAL_RCC_GetSysClockFreq
                0x080054b0       0x44 .\libkernel.a(stm32h7xx_hal_rcc.o)
                0x080054b0                HAL_RCC_GetSysClockFreq
 .text.HAL_RCC_ClockConfig
                0x080054f4      0x250 .\libkernel.a(stm32h7xx_hal_rcc.o)
                0x080054f4                HAL_RCC_ClockConfig
 .text.HAL_RCC_GetHCLKFreq
                0x08005744       0x80 .\libkernel.a(stm32h7xx_hal_rcc.o)
                0x08005744                HAL_RCC_GetHCLKFreq
 .text.HAL_RCC_GetPCLK1Freq
                0x080057c4       0x24 .\libkernel.a(stm32h7xx_hal_rcc.o)
                0x080057c4                HAL_RCC_GetPCLK1Freq
 .text.HAL_RCC_GetPCLK2Freq
                0x080057e8       0x24 .\libkernel.a(stm32h7xx_hal_rcc.o)
                0x080057e8                HAL_RCC_GetPCLK2Freq
 .text.target_hrt_initialize
                0x0800580c        0x4 .\libkernel.a(target_timer.o)
                0x0800580c                target_hrt_initialize
 .text.target_hrt_terminate
                0x08005810       0x34 .\libkernel.a(target_timer.o)
                0x08005810                target_hrt_terminate
 .text.target_hrt_handler
                0x08005844       0x14 .\libkernel.a(target_timer.o)
                0x08005844                target_hrt_handler
 .text.syslog.constprop.0
                0x08005858       0x28 .\libkernel.a(core_kernel_impl.o)
 .text._kernel_set_exc_int_priority
                0x08005880       0x48 .\libkernel.a(core_kernel_impl.o)
                0x08005880                _kernel_set_exc_int_priority
 .text._kernel_enable_exc
                0x080058c8       0x58 .\libkernel.a(core_kernel_impl.o)
                0x080058c8                _kernel_enable_exc
 .text._kernel_core_terminate
                0x08005920       0x18 .\libkernel.a(core_kernel_impl.o)
                0x08005920                _kernel_core_terminate
 .text._kernel_config_int
                0x08005938       0xc0 .\libkernel.a(core_kernel_impl.o)
                0x08005938                _kernel_config_int
 .text._kernel_default_exc_handler
                0x080059f8       0x3c .\libkernel.a(core_kernel_impl.o)
                0x080059f8                _kernel_default_exc_handler
 .text._kernel_default_int_handler
                0x08005a34       0x28 .\libkernel.a(core_kernel_impl.o)
                0x08005a34                _kernel_default_int_handler
 .text.sta_ker  0x08005a5c       0x8c .\libkernel.a(startup.o)
                0x08005a5c                sta_ker
 .text.ext_ker  0x08005ae8       0x18 .\libkernel.a(startup.o)
                0x08005ae8                ext_ker
 .text._kernel_exit_kernel
                0x08005b00       0x2c .\libkernel.a(startup.o)
                0x08005b00                _kernel_exit_kernel
 .text._kernel_search_schedtsk
                0x08005b2c       0x60 .\libkernel.a(task.o)
                0x08005b2c                _kernel_search_schedtsk
 .text._kernel_make_runnable
                0x08005b8c       0x50 .\libkernel.a(task.o)
                0x08005b8c                _kernel_make_runnable
 .text._kernel_initialize_task
                0x08005bdc       0xd8 .\libkernel.a(task.o)
                0x08005bdc                _kernel_initialize_task
 .text._kernel_make_non_runnable
                0x08005cb4       0xd4 .\libkernel.a(task.o)
                0x08005cb4                _kernel_make_non_runnable
 .text._kernel_make_active
                0x08005d88       0x60 .\libkernel.a(task.o)
                0x08005d88                _kernel_make_active
 .text._kernel_change_priority
                0x08005de8      0x11c .\libkernel.a(task.o)
                0x08005de8                _kernel_change_priority
 .text._kernel_rotate_ready_queue
                0x08005f04       0x64 .\libkernel.a(task.o)
                0x08005f04                _kernel_rotate_ready_queue
 .text._kernel_task_terminate
                0x08005f68       0x84 .\libkernel.a(task.o)
                0x08005f68                _kernel_task_terminate
 *fill*         0x08005fec        0x4 
 .text._kernel_initialize_tmevt
                0x08005ff0       0x54 .\libkernel.a(time_event.o)
                0x08005ff0                _kernel_initialize_tmevt
 .text._kernel_tmevt_down
                0x08006044       0x70 .\libkernel.a(time_event.o)
                0x08006044                _kernel_tmevt_down
 .text._kernel_update_current_evttim
                0x080060b4       0x5c .\libkernel.a(time_event.o)
                0x080060b4                _kernel_update_current_evttim
 .text._kernel_set_hrt_event
                0x08006110       0x68 .\libkernel.a(time_event.o)
                0x08006110                _kernel_set_hrt_event
 .text._kernel_tmevtb_register
                0x08006178       0x54 .\libkernel.a(time_event.o)
                0x08006178                _kernel_tmevtb_register
 .text._kernel_tmevtb_enqueue_reltim
                0x080061cc       0x7c .\libkernel.a(time_event.o)
                0x080061cc                _kernel_tmevtb_enqueue_reltim
 .text._kernel_tmevtb_dequeue
                0x08006248       0x94 .\libkernel.a(time_event.o)
                0x08006248                _kernel_tmevtb_dequeue
 .text._kernel_signal_time
                0x080062dc      0x140 .\libkernel.a(time_event.o)
                0x080062dc                _kernel_signal_time
 .text.act_tsk  0x0800641c       0xcc .\libkernel.a(task_manage.o)
                0x0800641c                act_tsk
 .text.can_act  0x080064e8       0x88 .\libkernel.a(task_manage.o)
                0x080064e8                can_act
 .text.chg_pri  0x08006570      0x100 .\libkernel.a(task_manage.o)
                0x08006570                chg_pri
 .text.get_pri  0x08006670       0x8c .\libkernel.a(task_manage.o)
                0x08006670                get_pri
 .text.slp_tsk  0x080066fc       0x94 .\libkernel.a(task_sync.o)
                0x080066fc                slp_tsk
 .text.tslp_tsk
                0x08006790       0xb4 .\libkernel.a(task_sync.o)
                0x08006790                tslp_tsk
 .text.wup_tsk  0x08006844       0xd0 .\libkernel.a(task_sync.o)
                0x08006844                wup_tsk
 .text.can_wup  0x08006914       0x94 .\libkernel.a(task_sync.o)
                0x08006914                can_wup
 .text.rel_wai  0x080069a8      0x120 .\libkernel.a(task_sync.o)
                0x080069a8                rel_wai
 .text.sus_tsk  0x08006ac8       0xdc .\libkernel.a(task_sync.o)
                0x08006ac8                sus_tsk
 .text.rsm_tsk  0x08006ba4       0xa8 .\libkernel.a(task_sync.o)
                0x08006ba4                rsm_tsk
 .text.dly_tsk  0x08006c4c       0xb0 .\libkernel.a(task_sync.o)
                0x08006c4c                dly_tsk
 .text.ext_tsk  0x08006cfc       0x88 .\libkernel.a(task_term.o)
                0x08006cfc                ext_tsk
 .text.ras_ter  0x08006d84      0x128 .\libkernel.a(task_term.o)
                0x08006d84                ras_ter
 .text.dis_ter  0x08006eac       0x5c .\libkernel.a(task_term.o)
                0x08006eac                dis_ter
 .text.ena_ter  0x08006f08       0x70 .\libkernel.a(task_term.o)
                0x08006f08                ena_ter
 .text.ter_tsk  0x08006f78       0xa4 .\libkernel.a(task_term.o)
                0x08006f78                ter_tsk
 .text._kernel_initialize_semaphore
                0x0800701c       0x30 .\libkernel.a(semaphore.o)
                0x0800701c                _kernel_initialize_semaphore
 .text.sig_sem  0x0800704c       0xe4 .\libkernel.a(semaphore.o)
                0x0800704c                sig_sem
 .text.wai_sem  0x08007130       0xb4 .\libkernel.a(semaphore.o)
                0x08007130                wai_sem
 .text.ini_sem  0x080071e4       0x90 .\libkernel.a(semaphore.o)
                0x080071e4                ini_sem
 .text.get_tim  0x08007274       0x68 .\libkernel.a(time_manage.o)
                0x08007274                get_tim
 .text.fch_hrt  0x080072dc       0x1c .\libkernel.a(time_manage.o)
                0x080072dc                fch_hrt
 .text._kernel_call_cyclic
                0x080072f8       0x50 .\libkernel.a(cyclic.o)
                0x080072f8                _kernel_call_cyclic
 .text._kernel_initialize_cyclic
                0x08007348       0x64 .\libkernel.a(cyclic.o)
                0x08007348                _kernel_initialize_cyclic
 .text.sta_cyc  0x080073ac       0xb0 .\libkernel.a(cyclic.o)
                0x080073ac                sta_cyc
 .text.stp_cyc  0x0800745c       0x80 .\libkernel.a(cyclic.o)
                0x0800745c                stp_cyc
 .text._kernel_call_alarm
                0x080074dc       0x40 .\libkernel.a(alarm.o)
                0x080074dc                _kernel_call_alarm
 .text._kernel_initialize_alarm
                0x0800751c       0x40 .\libkernel.a(alarm.o)
                0x0800751c                _kernel_initialize_alarm
 .text.sta_alm  0x0800755c       0xa0 .\libkernel.a(alarm.o)
                0x0800755c                sta_alm
 .text.stp_alm  0x080075fc       0x78 .\libkernel.a(alarm.o)
                0x080075fc                stp_alm
 .text.rot_rdq  0x08007674       0xa0 .\libkernel.a(sys_manage.o)
                0x08007674                rot_rdq
 .text.get_tid  0x08007714       0x44 .\libkernel.a(sys_manage.o)
                0x08007714                get_tid
 .text.loc_cpu  0x08007758       0x28 .\libkernel.a(sys_manage.o)
                0x08007758                loc_cpu
 .text.unl_cpu  0x08007780       0x24 .\libkernel.a(sys_manage.o)
                0x08007780                unl_cpu
 .text.dis_dsp  0x080077a4       0x58 .\libkernel.a(sys_manage.o)
                0x080077a4                dis_dsp
 .text.ena_dsp  0x080077fc       0x94 .\libkernel.a(sys_manage.o)
                0x080077fc                ena_dsp
 .text.sns_ctx  0x08007890       0x10 .\libkernel.a(sys_manage.o)
                0x08007890                sns_ctx
 .text.sns_loc  0x080078a0       0x10 .\libkernel.a(sys_manage.o)
                0x080078a0                sns_loc
 .text.sns_dsp  0x080078b0       0x10 .\libkernel.a(sys_manage.o)
                0x080078b0                sns_dsp
 .text.sns_dpn  0x080078c0       0x28 .\libkernel.a(sys_manage.o)
                0x080078c0                sns_dpn
 .text._kernel_initialize_interrupt
                0x080078e8       0x28 .\libkernel.a(interrupt.o)
                0x080078e8                _kernel_initialize_interrupt
 .text.dis_int  0x08007910       0xb8 .\libkernel.a(interrupt.o)
                0x08007910                dis_int
 .text.ena_int  0x080079c8       0xb8 .\libkernel.a(interrupt.o)
                0x080079c8                ena_int
 .text._kernel_initialize_exception
                0x08007a80       0x28 .\libkernel.a(exception.o)
                0x08007a80                _kernel_initialize_exception
 .text.xsns_dpn
                0x08007aa8       0x38 .\libkernel.a(exception.o)
                0x08007aa8                xsns_dpn
 .text._kernel_wait_tmout
                0x08007ae0       0xac .\libkernel.a(wait.o)
                0x08007ae0                _kernel_wait_tmout
 .text._kernel_make_wait_tmout
                0x08007b8c       0x70 .\libkernel.a(wait.o)
                0x08007b8c                _kernel_make_wait_tmout
 .text._kernel_wait_complete
                0x08007bfc       0x5c .\libkernel.a(wait.o)
                0x08007bfc                _kernel_wait_complete
 .text._kernel_wait_tmout_ok
                0x08007c58       0x9c .\libkernel.a(wait.o)
                0x08007c58                _kernel_wait_tmout_ok
 .text._kernel_wobj_make_wait
                0x08007cf4       0x58 .\libkernel.a(wait.o)
                0x08007cf4                _kernel_wobj_make_wait
 .text._kernel_init_wait_queue
                0x08007d4c       0x98 .\libkernel.a(wait.o)
                0x08007d4c                _kernel_init_wait_queue
 .text.__errno  0x08007de4        0xc c:/cygwin64/home/hiro2/arm-gcc/gcc-arm-11.2-2022.02-mingw-w64-i686-arm-none-eabi/bin/../lib/gcc/arm-none-eabi/11.2.1/thumb/v7e-m+dp/hard\libc.a(lib_a-errno.o)
                0x08007de4                __errno
 .text.__libc_init_array
                0x08007df0       0x48 c:/cygwin64/home/hiro2/arm-gcc/gcc-arm-11.2-2022.02-mingw-w64-i686-arm-none-eabi/bin/../lib/gcc/arm-none-eabi/11.2.1/thumb/v7e-m+dp/hard\libc.a(lib_a-init.o)
                0x08007df0                __libc_init_array
 .text.memset   0x08007e38       0xa4 c:/cygwin64/home/hiro2/arm-gcc/gcc-arm-11.2-2022.02-mingw-w64-i686-arm-none-eabi/bin/../lib/gcc/arm-none-eabi/11.2.1/thumb/v7e-m+dp/hard\libc.a(lib_a-memset.o)
                0x08007e38                memset
 .text.snprintf
                0x08007edc       0x88 c:/cygwin64/home/hiro2/arm-gcc/gcc-arm-11.2-2022.02-mingw-w64-i686-arm-none-eabi/bin/../lib/gcc/arm-none-eabi/11.2.1/thumb/v7e-m+dp/hard\libc.a(lib_a-snprintf.o)
                0x08007edc                snprintf
 .text.strnlen  0x08007f64       0x24 c:/cygwin64/home/hiro2/arm-gcc/gcc-arm-11.2-2022.02-mingw-w64-i686-arm-none-eabi/bin/../lib/gcc/arm-none-eabi/11.2.1/thumb/v7e-m+dp/hard\libc.a(lib_a-strnlen.o)
                0x08007f64                strnlen
 .text._svfprintf_r
                0x08007f88     0x1b44 c:/cygwin64/home/hiro2/arm-gcc/gcc-arm-11.2-2022.02-mingw-w64-i686-arm-none-eabi/bin/../lib/gcc/arm-none-eabi/11.2.1/thumb/v7e-m+dp/hard\libc.a(lib_a-svfprintf.o)
                0x08007f88                _svfprintf_r
 .text._wcrtomb_r
                0x08009acc       0x4c c:/cygwin64/home/hiro2/arm-gcc/gcc-arm-11.2-2022.02-mingw-w64-i686-arm-none-eabi/bin/../lib/gcc/arm-none-eabi/11.2.1/thumb/v7e-m+dp/hard\libc.a(lib_a-wcrtomb.o)
                0x08009acc                _wcrtomb_r
 .text._wcsrtombs_r
                0x08009b18       0x18 c:/cygwin64/home/hiro2/arm-gcc/gcc-arm-11.2-2022.02-mingw-w64-i686-arm-none-eabi/bin/../lib/gcc/arm-none-eabi/11.2.1/thumb/v7e-m+dp/hard\libc.a(lib_a-wcsrtombs.o)
                0x08009b18                _wcsrtombs_r
 .text.quorem   0x08009b30      0x128 c:/cygwin64/home/hiro2/arm-gcc/gcc-arm-11.2-2022.02-mingw-w64-i686-arm-none-eabi/bin/../lib/gcc/arm-none-eabi/11.2.1/thumb/v7e-m+dp/hard\libc.a(lib_a-dtoa.o)
 .text._dtoa_r  0x08009c58      0xcec c:/cygwin64/home/hiro2/arm-gcc/gcc-arm-11.2-2022.02-mingw-w64-i686-arm-none-eabi/bin/../lib/gcc/arm-none-eabi/11.2.1/thumb/v7e-m+dp/hard\libc.a(lib_a-dtoa.o)
                0x08009c58                _dtoa_r
 .text._malloc_trim_r
                0x0800a944       0xa0 c:/cygwin64/home/hiro2/arm-gcc/gcc-arm-11.2-2022.02-mingw-w64-i686-arm-none-eabi/bin/../lib/gcc/arm-none-eabi/11.2.1/thumb/v7e-m+dp/hard\libc.a(lib_a-freer.o)
                0x0800a944                _malloc_trim_r
 .text._free_r  0x0800a9e4      0x20c c:/cygwin64/home/hiro2/arm-gcc/gcc-arm-11.2-2022.02-mingw-w64-i686-arm-none-eabi/bin/../lib/gcc/arm-none-eabi/11.2.1/thumb/v7e-m+dp/hard\libc.a(lib_a-freer.o)
                0x0800a9e4                _free_r
 .text._localeconv_r
                0x0800abf0        0x8 c:/cygwin64/home/hiro2/arm-gcc/gcc-arm-11.2-2022.02-mingw-w64-i686-arm-none-eabi/bin/../lib/gcc/arm-none-eabi/11.2.1/thumb/v7e-m+dp/hard\libc.a(lib_a-localeconv.o)
                0x0800abf0                _localeconv_r
 .text.__locale_mb_cur_max
                0x0800abf8        0xc c:/cygwin64/home/hiro2/arm-gcc/gcc-arm-11.2-2022.02-mingw-w64-i686-arm-none-eabi/bin/../lib/gcc/arm-none-eabi/11.2.1/thumb/v7e-m+dp/hard\libc.a(lib_a-locale.o)
                0x0800abf8                __locale_mb_cur_max
 .text._malloc_r
                0x0800ac04      0x560 c:/cygwin64/home/hiro2/arm-gcc/gcc-arm-11.2-2022.02-mingw-w64-i686-arm-none-eabi/bin/../lib/gcc/arm-none-eabi/11.2.1/thumb/v7e-m+dp/hard\libc.a(lib_a-mallocr.o)
                0x0800ac04                _malloc_r
 .text.__ascii_mbtowc
                0x0800b164       0x2c c:/cygwin64/home/hiro2/arm-gcc/gcc-arm-11.2-2022.02-mingw-w64-i686-arm-none-eabi/bin/../lib/gcc/arm-none-eabi/11.2.1/thumb/v7e-m+dp/hard\libc.a(lib_a-mbtowc_r.o)
                0x0800b164                __ascii_mbtowc
 .text.__malloc_lock
                0x0800b190        0x4 c:/cygwin64/home/hiro2/arm-gcc/gcc-arm-11.2-2022.02-mingw-w64-i686-arm-none-eabi/bin/../lib/gcc/arm-none-eabi/11.2.1/thumb/v7e-m+dp/hard\libc.a(lib_a-mlock.o)
                0x0800b190                __malloc_lock
 .text.__malloc_unlock
                0x0800b194        0x4 c:/cygwin64/home/hiro2/arm-gcc/gcc-arm-11.2-2022.02-mingw-w64-i686-arm-none-eabi/bin/../lib/gcc/arm-none-eabi/11.2.1/thumb/v7e-m+dp/hard\libc.a(lib_a-mlock.o)
                0x0800b194                __malloc_unlock
 .text._Balloc  0x0800b198       0x4c c:/cygwin64/home/hiro2/arm-gcc/gcc-arm-11.2-2022.02-mingw-w64-i686-arm-none-eabi/bin/../lib/gcc/arm-none-eabi/11.2.1/thumb/v7e-m+dp/hard\libc.a(lib_a-mprec.o)
                0x0800b198                _Balloc
 .text._Bfree   0x0800b1e4       0x14 c:/cygwin64/home/hiro2/arm-gcc/gcc-arm-11.2-2022.02-mingw-w64-i686-arm-none-eabi/bin/../lib/gcc/arm-none-eabi/11.2.1/thumb/v7e-m+dp/hard\libc.a(lib_a-mprec.o)
                0x0800b1e4                _Bfree
 .text.__multadd
                0x0800b1f8       0xa4 c:/cygwin64/home/hiro2/arm-gcc/gcc-arm-11.2-2022.02-mingw-w64-i686-arm-none-eabi/bin/../lib/gcc/arm-none-eabi/11.2.1/thumb/v7e-m+dp/hard\libc.a(lib_a-mprec.o)
                0x0800b1f8                __multadd
 .text.__hi0bits
                0x0800b29c       0x40 c:/cygwin64/home/hiro2/arm-gcc/gcc-arm-11.2-2022.02-mingw-w64-i686-arm-none-eabi/bin/../lib/gcc/arm-none-eabi/11.2.1/thumb/v7e-m+dp/hard\libc.a(lib_a-mprec.o)
                0x0800b29c                __hi0bits
 .text.__lo0bits
                0x0800b2dc       0x60 c:/cygwin64/home/hiro2/arm-gcc/gcc-arm-11.2-2022.02-mingw-w64-i686-arm-none-eabi/bin/../lib/gcc/arm-none-eabi/11.2.1/thumb/v7e-m+dp/hard\libc.a(lib_a-mprec.o)
                0x0800b2dc                __lo0bits
 .text.__i2b    0x0800b33c       0x5c c:/cygwin64/home/hiro2/arm-gcc/gcc-arm-11.2-2022.02-mingw-w64-i686-arm-none-eabi/bin/../lib/gcc/arm-none-eabi/11.2.1/thumb/v7e-m+dp/hard\libc.a(lib_a-mprec.o)
                0x0800b33c                __i2b
 .text.__multiply
                0x0800b398      0x15c c:/cygwin64/home/hiro2/arm-gcc/gcc-arm-11.2-2022.02-mingw-w64-i686-arm-none-eabi/bin/../lib/gcc/arm-none-eabi/11.2.1/thumb/v7e-m+dp/hard\libc.a(lib_a-mprec.o)
                0x0800b398                __multiply
 .text.__pow5mult
                0x0800b4f4       0xc0 c:/cygwin64/home/hiro2/arm-gcc/gcc-arm-11.2-2022.02-mingw-w64-i686-arm-none-eabi/bin/../lib/gcc/arm-none-eabi/11.2.1/thumb/v7e-m+dp/hard\libc.a(lib_a-mprec.o)
                0x0800b4f4                __pow5mult
 .text.__lshift
                0x0800b5b4       0xf0 c:/cygwin64/home/hiro2/arm-gcc/gcc-arm-11.2-2022.02-mingw-w64-i686-arm-none-eabi/bin/../lib/gcc/arm-none-eabi/11.2.1/thumb/v7e-m+dp/hard\libc.a(lib_a-mprec.o)
                0x0800b5b4                __lshift
 .text.__mcmp   0x0800b6a4       0x44 c:/cygwin64/home/hiro2/arm-gcc/gcc-arm-11.2-2022.02-mingw-w64-i686-arm-none-eabi/bin/../lib/gcc/arm-none-eabi/11.2.1/thumb/v7e-m+dp/hard\libc.a(lib_a-mprec.o)
                0x0800b6a4                __mcmp
 .text.__mdiff  0x0800b6e8      0x154 c:/cygwin64/home/hiro2/arm-gcc/gcc-arm-11.2-2022.02-mingw-w64-i686-arm-none-eabi/bin/../lib/gcc/arm-none-eabi/11.2.1/thumb/v7e-m+dp/hard\libc.a(lib_a-mprec.o)
                0x0800b6e8                __mdiff
 .text.__d2b    0x0800b83c       0xd4 c:/cygwin64/home/hiro2/arm-gcc/gcc-arm-11.2-2022.02-mingw-w64-i686-arm-none-eabi/bin/../lib/gcc/arm-none-eabi/11.2.1/thumb/v7e-m+dp/hard\libc.a(lib_a-mprec.o)
                0x0800b83c                __d2b
 .text._sbrk_r  0x0800b910       0x24 c:/cygwin64/home/hiro2/arm-gcc/gcc-arm-11.2-2022.02-mingw-w64-i686-arm-none-eabi/bin/../lib/gcc/arm-none-eabi/11.2.1/thumb/v7e-m+dp/hard\libc.a(lib_a-sbrkr.o)
                0x0800b910                _sbrk_r
 *fill*         0x0800b934        0x4 
 .text.frexp    0x0800b938       0x78 c:/cygwin64/home/hiro2/arm-gcc/gcc-arm-11.2-2022.02-mingw-w64-i686-arm-none-eabi/bin/../lib/gcc/arm-none-eabi/11.2.1/thumb/v7e-m+dp/hard\libc.a(lib_a-s_frexp.o)
                0x0800b938                frexp
 .text.strncpy  0x0800b9b0       0x64 c:/cygwin64/home/hiro2/arm-gcc/gcc-arm-11.2-2022.02-mingw-w64-i686-arm-none-eabi/bin/../lib/gcc/arm-none-eabi/11.2.1/thumb/v7e-m+dp/hard\libc.a(lib_a-strncpy.o)
                0x0800b9b0                strncpy
 .text.__ssprint_r
                0x0800ba14      0x100 c:/cygwin64/home/hiro2/arm-gcc/gcc-arm-11.2-2022.02-mingw-w64-i686-arm-none-eabi/bin/../lib/gcc/arm-none-eabi/11.2.1/thumb/v7e-m+dp/hard\libc.a(lib_a-svfiprintf.o)
                0x0800ba14                __ssprint_r
 .text._wcsnrtombs_l
                0x0800bb14      0x108 c:/cygwin64/home/hiro2/arm-gcc/gcc-arm-11.2-2022.02-mingw-w64-i686-arm-none-eabi/bin/../lib/gcc/arm-none-eabi/11.2.1/thumb/v7e-m+dp/hard\libc.a(lib_a-wcsnrtombs.o)
                0x0800bb14                _wcsnrtombs_l
 .text._wcsnrtombs_r
                0x0800bc1c       0x24 c:/cygwin64/home/hiro2/arm-gcc/gcc-arm-11.2-2022.02-mingw-w64-i686-arm-none-eabi/bin/../lib/gcc/arm-none-eabi/11.2.1/thumb/v7e-m+dp/hard\libc.a(lib_a-wcsnrtombs.o)
                0x0800bc1c                _wcsnrtombs_r
 .text.__ascii_wctomb
                0x0800bc40       0x1c c:/cygwin64/home/hiro2/arm-gcc/gcc-arm-11.2-2022.02-mingw-w64-i686-arm-none-eabi/bin/../lib/gcc/arm-none-eabi/11.2.1/thumb/v7e-m+dp/hard\libc.a(lib_a-wctomb_r.o)
                0x0800bc40                __ascii_wctomb
 .text.__assert_func
                0x0800bc5c       0x40 c:/cygwin64/home/hiro2/arm-gcc/gcc-arm-11.2-2022.02-mingw-w64-i686-arm-none-eabi/bin/../lib/gcc/arm-none-eabi/11.2.1/thumb/v7e-m+dp/hard\libc.a(lib_a-assert.o)
                0x0800bc5c                __assert_func
 .text._calloc_r
                0x0800bc9c       0x78 c:/cygwin64/home/hiro2/arm-gcc/gcc-arm-11.2-2022.02-mingw-w64-i686-arm-none-eabi/bin/../lib/gcc/arm-none-eabi/11.2.1/thumb/v7e-m+dp/hard\libc.a(lib_a-callocr.o)
                0x0800bc9c                _calloc_r
 .text.fiprintf
                0x0800bd14       0x28 c:/cygwin64/home/hiro2/arm-gcc/gcc-arm-11.2-2022.02-mingw-w64-i686-arm-none-eabi/bin/../lib/gcc/arm-none-eabi/11.2.1/thumb/v7e-m+dp/hard\libc.a(lib_a-fiprintf.o)
                0x0800bd14                fiprintf
 .text.memmove  0x0800bd3c       0xf8 c:/cygwin64/home/hiro2/arm-gcc/gcc-arm-11.2-2022.02-mingw-w64-i686-arm-none-eabi/bin/../lib/gcc/arm-none-eabi/11.2.1/thumb/v7e-m+dp/hard\libc.a(lib_a-memmove.o)
                0x0800bd3c                memmove
 .text._realloc_r
                0x0800be34      0x3d8 c:/cygwin64/home/hiro2/arm-gcc/gcc-arm-11.2-2022.02-mingw-w64-i686-arm-none-eabi/bin/../lib/gcc/arm-none-eabi/11.2.1/thumb/v7e-m+dp/hard\libc.a(lib_a-reallocr.o)
                0x0800be34                _realloc_r
 .text.__sprint_r.part.0
                0x0800c20c       0x78 c:/cygwin64/home/hiro2/arm-gcc/gcc-arm-11.2-2022.02-mingw-w64-i686-arm-none-eabi/bin/../lib/gcc/arm-none-eabi/11.2.1/thumb/v7e-m+dp/hard\libc.a(lib_a-vfiprintf.o)
 .text._vfiprintf_r
                0x0800c284      0xef0 c:/cygwin64/home/hiro2/arm-gcc/gcc-arm-11.2-2022.02-mingw-w64-i686-arm-none-eabi/bin/../lib/gcc/arm-none-eabi/11.2.1/thumb/v7e-m+dp/hard\libc.a(lib_a-vfiprintf.o)
                0x0800c284                _vfiprintf_r
 .text.__sbprintf
                0x0800d174       0x6c c:/cygwin64/home/hiro2/arm-gcc/gcc-arm-11.2-2022.02-mingw-w64-i686-arm-none-eabi/bin/../lib/gcc/arm-none-eabi/11.2.1/thumb/v7e-m+dp/hard\libc.a(lib_a-vfiprintf.o)
 .text.__swsetup_r
                0x0800d1e0       0xd4 c:/cygwin64/home/hiro2/arm-gcc/gcc-arm-11.2-2022.02-mingw-w64-i686-arm-none-eabi/bin/../lib/gcc/arm-none-eabi/11.2.1/thumb/v7e-m+dp/hard\libc.a(lib_a-wsetup.o)
                0x0800d1e0                __swsetup_r
 .text.abort    0x0800d2b4       0x10 c:/cygwin64/home/hiro2/arm-gcc/gcc-arm-11.2-2022.02-mingw-w64-i686-arm-none-eabi/bin/../lib/gcc/arm-none-eabi/11.2.1/thumb/v7e-m+dp/hard\libc.a(lib_a-abort.o)
                0x0800d2b4                abort
 .text.__sflush_r
                0x0800d2c4      0x130 c:/cygwin64/home/hiro2/arm-gcc/gcc-arm-11.2-2022.02-mingw-w64-i686-arm-none-eabi/bin/../lib/gcc/arm-none-eabi/11.2.1/thumb/v7e-m+dp/hard\libc.a(lib_a-fflush.o)
                0x0800d2c4                __sflush_r
 .text._fflush_r
                0x0800d3f4       0x2c c:/cygwin64/home/hiro2/arm-gcc/gcc-arm-11.2-2022.02-mingw-w64-i686-arm-none-eabi/bin/../lib/gcc/arm-none-eabi/11.2.1/thumb/v7e-m+dp/hard\libc.a(lib_a-fflush.o)
                0x0800d3f4                _fflush_r
 .text._cleanup_r
                0x0800d420        0xc c:/cygwin64/home/hiro2/arm-gcc/gcc-arm-11.2-2022.02-mingw-w64-i686-arm-none-eabi/bin/../lib/gcc/arm-none-eabi/11.2.1/thumb/v7e-m+dp/hard\libc.a(lib_a-findfp.o)
                0x0800d420                _cleanup_r
 .text.__sinit.part.0
                0x0800d42c       0xd8 c:/cygwin64/home/hiro2/arm-gcc/gcc-arm-11.2-2022.02-mingw-w64-i686-arm-none-eabi/bin/../lib/gcc/arm-none-eabi/11.2.1/thumb/v7e-m+dp/hard\libc.a(lib_a-findfp.o)
 .text.__sinit  0x0800d504        0xc c:/cygwin64/home/hiro2/arm-gcc/gcc-arm-11.2-2022.02-mingw-w64-i686-arm-none-eabi/bin/../lib/gcc/arm-none-eabi/11.2.1/thumb/v7e-m+dp/hard\libc.a(lib_a-findfp.o)
                0x0800d504                __sinit
 .text.__sfp_lock_acquire
                0x0800d510        0x4 c:/cygwin64/home/hiro2/arm-gcc/gcc-arm-11.2-2022.02-mingw-w64-i686-arm-none-eabi/bin/../lib/gcc/arm-none-eabi/11.2.1/thumb/v7e-m+dp/hard\libc.a(lib_a-findfp.o)
                0x0800d510                __sfp_lock_acquire
 .text.__sfp_lock_release
                0x0800d514        0x4 c:/cygwin64/home/hiro2/arm-gcc/gcc-arm-11.2-2022.02-mingw-w64-i686-arm-none-eabi/bin/../lib/gcc/arm-none-eabi/11.2.1/thumb/v7e-m+dp/hard\libc.a(lib_a-findfp.o)
                0x0800d514                __sfp_lock_release
 .text.__fputwc
                0x0800d518       0xa8 c:/cygwin64/home/hiro2/arm-gcc/gcc-arm-11.2-2022.02-mingw-w64-i686-arm-none-eabi/bin/../lib/gcc/arm-none-eabi/11.2.1/thumb/v7e-m+dp/hard\libc.a(lib_a-fputwc.o)
                0x0800d518                __fputwc
 .text._fputwc_r
                0x0800d5c0       0x28 c:/cygwin64/home/hiro2/arm-gcc/gcc-arm-11.2-2022.02-mingw-w64-i686-arm-none-eabi/bin/../lib/gcc/arm-none-eabi/11.2.1/thumb/v7e-m+dp/hard\libc.a(lib_a-fputwc.o)
                0x0800d5c0                _fputwc_r
 .text.__sfvwrite_r
                0x0800d5e8      0x2f4 c:/cygwin64/home/hiro2/arm-gcc/gcc-arm-11.2-2022.02-mingw-w64-i686-arm-none-eabi/bin/../lib/gcc/arm-none-eabi/11.2.1/thumb/v7e-m+dp/hard\libc.a(lib_a-fvwrite.o)
                0x0800d5e8                __sfvwrite_r
 .text._fwalk_reent
                0x0800d8dc       0x48 c:/cygwin64/home/hiro2/arm-gcc/gcc-arm-11.2-2022.02-mingw-w64-i686-arm-none-eabi/bin/../lib/gcc/arm-none-eabi/11.2.1/thumb/v7e-m+dp/hard\libc.a(lib_a-fwalk.o)
                0x0800d8dc                _fwalk_reent
 .text.__smakebuf_r
                0x0800d924       0xe0 c:/cygwin64/home/hiro2/arm-gcc/gcc-arm-11.2-2022.02-mingw-w64-i686-arm-none-eabi/bin/../lib/gcc/arm-none-eabi/11.2.1/thumb/v7e-m+dp/hard\libc.a(lib_a-makebuf.o)
                0x0800d924                __smakebuf_r
 .text.raise    0x0800da04       0x5c c:/cygwin64/home/hiro2/arm-gcc/gcc-arm-11.2-2022.02-mingw-w64-i686-arm-none-eabi/bin/../lib/gcc/arm-none-eabi/11.2.1/thumb/v7e-m+dp/hard\libc.a(lib_a-signal.o)
                0x0800da04                raise
 .text._kill_r  0x0800da60       0x2c c:/cygwin64/home/hiro2/arm-gcc/gcc-arm-11.2-2022.02-mingw-w64-i686-arm-none-eabi/bin/../lib/gcc/arm-none-eabi/11.2.1/thumb/v7e-m+dp/hard\libc.a(lib_a-signalr.o)
                0x0800da60                _kill_r
 .text._getpid_r
                0x0800da8c        0x4 c:/cygwin64/home/hiro2/arm-gcc/gcc-arm-11.2-2022.02-mingw-w64-i686-arm-none-eabi/bin/../lib/gcc/arm-none-eabi/11.2.1/thumb/v7e-m+dp/hard\libc.a(lib_a-signalr.o)
                0x0800da8c                _getpid_r
 .text.__sread  0x0800da90       0x24 c:/cygwin64/home/hiro2/arm-gcc/gcc-arm-11.2-2022.02-mingw-w64-i686-arm-none-eabi/bin/../lib/gcc/arm-none-eabi/11.2.1/thumb/v7e-m+dp/hard\libc.a(lib_a-stdio.o)
                0x0800da90                __sread
 .text.__swrite
                0x0800dab4       0x40 c:/cygwin64/home/hiro2/arm-gcc/gcc-arm-11.2-2022.02-mingw-w64-i686-arm-none-eabi/bin/../lib/gcc/arm-none-eabi/11.2.1/thumb/v7e-m+dp/hard\libc.a(lib_a-stdio.o)
                0x0800dab4                __swrite
 .text.__sseek  0x0800daf4       0x20 c:/cygwin64/home/hiro2/arm-gcc/gcc-arm-11.2-2022.02-mingw-w64-i686-arm-none-eabi/bin/../lib/gcc/arm-none-eabi/11.2.1/thumb/v7e-m+dp/hard\libc.a(lib_a-stdio.o)
                0x0800daf4                __sseek
 .text.__sclose
                0x0800db14        0x8 c:/cygwin64/home/hiro2/arm-gcc/gcc-arm-11.2-2022.02-mingw-w64-i686-arm-none-eabi/bin/../lib/gcc/arm-none-eabi/11.2.1/thumb/v7e-m+dp/hard\libc.a(lib_a-stdio.o)
                0x0800db14                __sclose
 .text.__swbuf_r
                0x0800db1c       0xb0 c:/cygwin64/home/hiro2/arm-gcc/gcc-arm-11.2-2022.02-mingw-w64-i686-arm-none-eabi/bin/../lib/gcc/arm-none-eabi/11.2.1/thumb/v7e-m+dp/hard\libc.a(lib_a-wbuf.o)
                0x0800db1c                __swbuf_r
 .text._write_r
                0x0800dbcc       0x2c c:/cygwin64/home/hiro2/arm-gcc/gcc-arm-11.2-2022.02-mingw-w64-i686-arm-none-eabi/bin/../lib/gcc/arm-none-eabi/11.2.1/thumb/v7e-m+dp/hard\libc.a(lib_a-writer.o)
                0x0800dbcc                _write_r
 .text._close_r
                0x0800dbf8       0x24 c:/cygwin64/home/hiro2/arm-gcc/gcc-arm-11.2-2022.02-mingw-w64-i686-arm-none-eabi/bin/../lib/gcc/arm-none-eabi/11.2.1/thumb/v7e-m+dp/hard\libc.a(lib_a-closer.o)
                0x0800dbf8                _close_r
 .text._fclose_r
                0x0800dc1c       0x88 c:/cygwin64/home/hiro2/arm-gcc/gcc-arm-11.2-2022.02-mingw-w64-i686-arm-none-eabi/bin/../lib/gcc/arm-none-eabi/11.2.1/thumb/v7e-m+dp/hard\libc.a(lib_a-fclose.o)
                0x0800dc1c                _fclose_r
 .text._fstat_r
                0x0800dca4       0x2c c:/cygwin64/home/hiro2/arm-gcc/gcc-arm-11.2-2022.02-mingw-w64-i686-arm-none-eabi/bin/../lib/gcc/arm-none-eabi/11.2.1/thumb/v7e-m+dp/hard\libc.a(lib_a-fstatr.o)
                0x0800dca4                _fstat_r
 .text._isatty_r
                0x0800dcd0       0x24 c:/cygwin64/home/hiro2/arm-gcc/gcc-arm-11.2-2022.02-mingw-w64-i686-arm-none-eabi/bin/../lib/gcc/arm-none-eabi/11.2.1/thumb/v7e-m+dp/hard\libc.a(lib_a-isattyr.o)
                0x0800dcd0                _isatty_r
 .text._lseek_r
                0x0800dcf4       0x2c c:/cygwin64/home/hiro2/arm-gcc/gcc-arm-11.2-2022.02-mingw-w64-i686-arm-none-eabi/bin/../lib/gcc/arm-none-eabi/11.2.1/thumb/v7e-m+dp/hard\libc.a(lib_a-lseekr.o)
                0x0800dcf4                _lseek_r
 .text._read_r  0x0800dd20       0x2c c:/cygwin64/home/hiro2/arm-gcc/gcc-arm-11.2-2022.02-mingw-w64-i686-arm-none-eabi/bin/../lib/gcc/arm-none-eabi/11.2.1/thumb/v7e-m+dp/hard\libc.a(lib_a-readr.o)
                0x0800dd20                _read_r
 .text.__udivmoddi4
                0x0800dd4c      0x2c8 c:/cygwin64/home/hiro2/arm-gcc/gcc-arm-11.2-2022.02-mingw-w64-i686-arm-none-eabi/bin/../lib/gcc/arm-none-eabi/11.2.1/thumb/v7e-m+dp/hard\libgcc.a(_udivmoddi4.o)
                0x0800dd4c                __udivmoddi4
 *(.empty.*)
 .empty._kernel_dtqcb_table
                0x0800e014        0x0 objs/kernel_cfg.o
                0x0800e014                _kernel_dtqcb_table
 .empty._kernel_dtqinib_table
                0x0800e014        0x0 objs/kernel_cfg.o
                0x0800e014                _kernel_dtqinib_table
 .empty._kernel_flgcb_table
                0x0800e014        0x0 objs/kernel_cfg.o
                0x0800e014                _kernel_flgcb_table
 .empty._kernel_flginib_table
                0x0800e014        0x0 objs/kernel_cfg.o
                0x0800e014                _kernel_flginib_table
 .empty._kernel_mpfcb_table
                0x0800e014        0x0 objs/kernel_cfg.o
                0x0800e014                _kernel_mpfcb_table
 .empty._kernel_mpfinib_table
                0x0800e014        0x0 objs/kernel_cfg.o
                0x0800e014                _kernel_mpfinib_table
 .empty._kernel_mtxcb_table
                0x0800e014        0x0 objs/kernel_cfg.o
                0x0800e014                _kernel_mtxcb_table
 .empty._kernel_mtxinib_table
                0x0800e014        0x0 objs/kernel_cfg.o
                0x0800e014                _kernel_mtxinib_table
 .empty._kernel_pdqcb_table
                0x0800e014        0x0 objs/kernel_cfg.o
                0x0800e014                _kernel_pdqcb_table
 .empty._kernel_pdqinib_table
                0x0800e014        0x0 objs/kernel_cfg.o
                0x0800e014                _kernel_pdqinib_table
                0x0800e014                . = ALIGN (0x4)
                0x0800e014                _etext = .
                [!provide]                PROVIDE (etext = .)

.glue_7         0x0800e014        0x0
 .glue_7        0x0800e014        0x0 linker stubs

.glue_7t        0x0800e014        0x0
 .glue_7t       0x0800e014        0x0 linker stubs

.vfp11_veneer   0x0800e014        0x0
 .vfp11_veneer  0x0800e014        0x0 linker stubs

.v4_bx          0x0800e014        0x0
 .v4_bx         0x0800e014        0x0 linker stubs

.iplt           0x0800e014        0x0
 .iplt          0x0800e014        0x0 objs/sample1.o

.rodata         0x0800e018     0x16e0
                0x0800e018                . = ALIGN (0x4)
 *(.rodata)
 .rodata        0x0800e018        0xc objs/sample1.o
 .rodata        0x0800e024        0x8 stm32h7xx_hal_uart_ex.o
 *(.rodata.*)
 .rodata.t_perror.constprop.0.str1.4
                0x0800e02c       0x14 objs/sample1.o
 .rodata.task.str1.4
                0x0800e040       0xc2 objs/sample1.o
                                0x11a (size before relaxing)
 *fill*         0x0800e102        0x2 
 .rodata.cpuexc_handler.str1.4
                0x0800e104      0x112 objs/sample1.o
 *fill*         0x0800e216        0x2 
 .rodata.cyclic_handler.str1.4
                0x0800e218       0x46 objs/sample1.o
 *fill*         0x0800e25e        0x2 
 .rodata.exc_task.str1.4
                0x0800e260       0x16 objs/sample1.o
 *fill*         0x0800e276        0x2 
 .rodata.main_task.str1.4
                0x0800e278      0x507 objs/sample1.o
 *fill*         0x0800e77f        0x1 
 .rodata.str1.4
                0x0800e780        0xe objs/sample1.o
 *fill*         0x0800e78e        0x2 
 .rodata.syslog_print.str1.4
                0x0800e790       0x1e objs/log_output.o
 *fill*         0x0800e7ae        0x2 
 .rodata.syslog_lostmsg.str1.4
                0x0800e7b0       0x16 objs/log_output.o
 *fill*         0x0800e7c6        0x2 
 .rodata.radHEX
                0x0800e7c8       0x11 objs/log_output.o
 *fill*         0x0800e7d9        0x3 
 .rodata.raddec
                0x0800e7dc        0xb objs/log_output.o
 *fill*         0x0800e7e7        0x1 
 .rodata.radhex
                0x0800e7e8       0x11 objs/log_output.o
 *fill*         0x0800e7f9        0x3 
 .rodata.message
                0x0800e7fc       0x2d objs/t_perror.o
 *fill*         0x0800e829        0x3 
 .rodata.itron_strerror.str1.4
                0x0800e82c        0xe objs/strerror.o
 *fill*         0x0800e83a        0x2 
 .rodata.str1.4
                0x0800e83c       0xc9 objs/strerror.o
 *fill*         0x0800e905        0x3 
 .rodata.CSWTCH.1
                0x0800e908      0x108 objs/strerror.o
 .rodata.main.str1.4
                0x0800ea10      0x111 main.o
 *fill*         0x0800eb21        0x3 
 .rodata.CSWTCH.61
                0x0800eb24       0x29 stm32h7xx_hal_uart.o
 *fill*         0x0800eb4d        0x3 
 .rodata.CSWTCH.62
                0x0800eb50        0x6 stm32h7xx_hal_uart.o
 *fill*         0x0800eb56        0x2 
 .rodata.CSWTCH.69
                0x0800eb58        0x6 stm32h7xx_hal_uart.o
 *fill*         0x0800eb5e        0x2 
 .rodata.UARTPrescTable
                0x0800eb60       0x18 stm32h7xx_hal_uart.o
                0x0800eb60                UARTPrescTable
 .rodata.UARTEx_SetNbDataToProcess.str1.4
                0x0800eb78        0x9 stm32h7xx_hal_uart_ex.o
 *fill*         0x0800eb81        0x3 
 .rodata.tTask_INIB_tab
                0x0800eb84        0x4 objs/tTask_tecsgen.o
                0x0800eb84                tTask_INIB_tab
 .rodata.tSemaphore_INIB_tab
                0x0800eb88        0x8 objs/tSemaphore_tecsgen.o
                0x0800eb88                tSemaphore_INIB_tab
 .rodata.tInterruptRequest_INIB_tab
                0x0800eb90        0x4 objs/tInterruptRequest_tecsgen.o
                0x0800eb90                tInterruptRequest_INIB_tab
 .rodata.tISR_INIB_tab
                0x0800eb94        0x4 objs/tISR_tecsgen.o
                0x0800eb94                tISR_INIB_tab
 .rodata.SerialPort1_SerialPortMain_eSerialPort_des
                0x0800eb98        0x8 objs/tSerialPortMain_tecsgen.o
                0x0800eb98                SerialPort1_SerialPortMain_eSerialPort_des
 .rodata.tSerialPortMain_INIB_tab
                0x0800eba0       0x10 objs/tSerialPortMain_tecsgen.o
                0x0800eba0                tSerialPortMain_INIB_tab
 .rodata.tSerialPortMain_eSerialPort_MT_
                0x0800ebb0       0x18 objs/tSerialPortMain_tecsgen.o
                0x0800ebb0                tSerialPortMain_eSerialPort_MT_
 .rodata.SerialAdapter_cSerialPort
                0x0800ebc8        0x4 objs/tSerialAdapter_tecsgen.o
                0x0800ebc8                SerialAdapter_cSerialPort
 .rodata.tSerialAdapter_SINGLE_CELL_INIB
                0x0800ebcc        0x8 objs/tSerialAdapter_tecsgen.o
                0x0800ebcc                tSerialAdapter_SINGLE_CELL_INIB
 .rodata.tSysLog_SINGLE_CELL_INIB
                0x0800ebd4       0x10 objs/tSysLog_tecsgen.o
                0x0800ebd4                tSysLog_SINGLE_CELL_INIB
 .rodata.tLogTaskMain_SINGLE_CELL_INIB
                0x0800ebe4        0x8 objs/tLogTaskMain_tecsgen.o
                0x0800ebe4                tLogTaskMain_SINGLE_CELL_INIB
 .rodata.str1.4
                0x0800ebec       0x22 objs/tBannerMain_tecsgen.o
                                 0x25 (size before relaxing)
 *fill*         0x0800ec0e        0x2 
 .rodata.tBannerMain_SINGLE_CELL_INIB
                0x0800ec10        0x8 objs/tBannerMain_tecsgen.o
                0x0800ec10                tBannerMain_SINGLE_CELL_INIB
 .rodata.tUsart_INIB_tab
                0x0800ec18        0x8 objs/tUsart_tecsgen.o
                0x0800ec18                tUsart_INIB_tab
 .rodata.tLogTaskMain_eLogTaskBody_main.str1.4
                0x0800ec20       0x20 objs/tLogTaskMain.o
 .rodata.tLogTaskMain_eLogTaskTerminate_main.str1.4
                0x0800ec40       0x19 objs/tLogTaskMain.o
 *fill*         0x0800ec59        0x3 
 .rodata.banner
                0x0800ec5c      0x15b objs/tBannerMain.o
 *fill*         0x0800edb7        0x1 
 .rodata._kernel_alminib_table
                0x0800edb8        0xc objs/kernel_cfg.o
                0x0800edb8                _kernel_alminib_table
 .rodata._kernel_bitpat_cfgint
                0x0800edc4       0x1c objs/kernel_cfg.o
                0x0800edc4                _kernel_bitpat_cfgint
 .rodata._kernel_cycinib_table
                0x0800ede0       0x14 objs/kernel_cfg.o
                0x0800ede0                _kernel_cycinib_table
 .rodata._kernel_exc_tbl
                0x0800edf4      0x194 objs/kernel_cfg.o
                0x0800edf4                _kernel_exc_tbl
 .rodata._kernel_excinib_table
                0x0800ef88        0xc objs/kernel_cfg.o
                0x0800ef88                _kernel_excinib_table
 .rodata._kernel_inirtnb_table
                0x0800ef94       0x10 objs/kernel_cfg.o
                0x0800ef94                _kernel_inirtnb_table
 .rodata._kernel_intinib_table
                0x0800efa4       0x18 objs/kernel_cfg.o
                0x0800efa4                _kernel_intinib_table
 .rodata._kernel_istk
                0x0800efbc        0x4 objs/kernel_cfg.o
                0x0800efbc                _kernel_istk
 .rodata._kernel_istkpt
                0x0800efc0        0x4 objs/kernel_cfg.o
                0x0800efc0                _kernel_istkpt
 .rodata._kernel_seminib_table
                0x0800efc4       0x18 objs/kernel_cfg.o
                0x0800efc4                _kernel_seminib_table
 .rodata._kernel_terrtnb_table
                0x0800efdc       0x10 objs/kernel_cfg.o
                0x0800efdc                _kernel_terrtnb_table
 .rodata._kernel_tinib_table
                0x0800efec       0x90 objs/kernel_cfg.o
                0x0800efec                _kernel_tinib_table
 .rodata._kernel_tmax_almid
                0x0800f07c        0x4 objs/kernel_cfg.o
                0x0800f07c                _kernel_tmax_almid
 .rodata._kernel_tmax_cycid
                0x0800f080        0x4 objs/kernel_cfg.o
                0x0800f080                _kernel_tmax_cycid
 .rodata._kernel_tmax_semid
                0x0800f084        0x4 objs/kernel_cfg.o
                0x0800f084                _kernel_tmax_semid
 .rodata._kernel_tmax_tskid
                0x0800f088        0x4 objs/kernel_cfg.o
                0x0800f088                _kernel_tmax_tskid
 .rodata._kernel_tnum_cfg_intno
                0x0800f08c        0x4 objs/kernel_cfg.o
                0x0800f08c                _kernel_tnum_cfg_intno
 .rodata._kernel_tnum_def_excno
                0x0800f090        0x4 objs/kernel_cfg.o
                0x0800f090                _kernel_tnum_def_excno
 .rodata._kernel_tnum_inirtn
                0x0800f094        0x4 objs/kernel_cfg.o
                0x0800f094                _kernel_tnum_inirtn
 .rodata._kernel_tnum_terrtn
                0x0800f098        0x4 objs/kernel_cfg.o
                0x0800f098                _kernel_tnum_terrtn
 .rodata._kernel_torder_table
                0x0800f09c       0x18 objs/kernel_cfg.o
                0x0800f09c                _kernel_torder_table
 .rodata.D1CorePrescTable
                0x0800f0b4       0x10 .\libkernel.a(system_stm32h7xx_dualcore_boot_cm4_cm7.o)
                0x0800f0b4                D1CorePrescTable
 .rodata._kernel_config_int.str1.4
                0x0800f0c4       0x7e .\libkernel.a(core_kernel_impl.o)
 *fill*         0x0800f142        0x2 
 .rodata._kernel_default_exc_handler.str1.4
                0x0800f144       0x63 .\libkernel.a(core_kernel_impl.o)
 *fill*         0x0800f1a7        0x1 
 .rodata._kernel_default_int_handler.str1.4
                0x0800f1a8       0x2d .\libkernel.a(core_kernel_impl.o)
 *fill*         0x0800f1d5        0x3 
 .rodata.nvic_sys_pri_reg
                0x0800f1d8       0x10 .\libkernel.a(core_kernel_impl.o)
 .rodata._kernel_search_schedtsk.str1.4
                0x0800f1e8       0x21 .\libkernel.a(task.o)
 *fill*         0x0800f209        0x3 
 .rodata._kernel_make_non_runnable.str1.4
                0x0800f20c       0x37 .\libkernel.a(task.o)
 *fill*         0x0800f243        0x1 
 .rodata.bitmap_search_table
                0x0800f244        0xf .\libkernel.a(task.o)
 *fill*         0x0800f253        0x1 
 .rodata._kernel_signal_time.str1.4
                0x0800f254       0x65 .\libkernel.a(time_event.o)
 *fill*         0x0800f2b9        0x3 
 .rodata.rel_wai.str1.4
                0x0800f2bc       0x30 .\libkernel.a(task_sync.o)
 .rodata.sig_sem.str1.4
                0x0800f2ec       0x2f .\libkernel.a(semaphore.o)
 .rodata._kernel_wait_tmout.str1.4
                0x0800f2ec       0x30 .\libkernel.a(wait.o)
 .rodata._kernel_make_wait_tmout.str1.4
                0x0800f2ec       0x29 .\libkernel.a(wait.o)
 .rodata._kernel_init_wait_queue.str1.4
                0x0800f315       0x2f .\libkernel.a(wait.o)
 *fill*         0x0800f315        0x3 
 .rodata._svfprintf_r.str1.4
                0x0800f318       0x3f c:/cygwin64/home/hiro2/arm-gcc/gcc-arm-11.2-2022.02-mingw-w64-i686-arm-none-eabi/bin/../lib/gcc/arm-none-eabi/11.2.1/thumb/v7e-m+dp/hard\libc.a(lib_a-svfprintf.o)
                                 0x42 (size before relaxing)
 *fill*         0x0800f357        0x1 
 .rodata.blanks.1
                0x0800f358       0x10 c:/cygwin64/home/hiro2/arm-gcc/gcc-arm-11.2-2022.02-mingw-w64-i686-arm-none-eabi/bin/../lib/gcc/arm-none-eabi/11.2.1/thumb/v7e-m+dp/hard\libc.a(lib_a-svfprintf.o)
 .rodata.zeroes.0
                0x0800f368       0x10 c:/cygwin64/home/hiro2/arm-gcc/gcc-arm-11.2-2022.02-mingw-w64-i686-arm-none-eabi/bin/../lib/gcc/arm-none-eabi/11.2.1/thumb/v7e-m+dp/hard\libc.a(lib_a-svfprintf.o)
 .rodata._dtoa_r.str1.4
                0x0800f378       0x7d c:/cygwin64/home/hiro2/arm-gcc/gcc-arm-11.2-2022.02-mingw-w64-i686-arm-none-eabi/bin/../lib/gcc/arm-none-eabi/11.2.1/thumb/v7e-m+dp/hard\libc.a(lib_a-dtoa.o)
                                 0x81 (size before relaxing)
 *fill*         0x0800f3f5        0x3 
 .rodata.str1.4
                0x0800f3f8       0x44 c:/cygwin64/home/hiro2/arm-gcc/gcc-arm-11.2-2022.02-mingw-w64-i686-arm-none-eabi/bin/../lib/gcc/arm-none-eabi/11.2.1/thumb/v7e-m+dp/hard\libc.a(lib_a-locale.o)
                                 0x4c (size before relaxing)
 .rodata.__multadd.str1.4
                0x0800f43c       0x5a c:/cygwin64/home/hiro2/arm-gcc/gcc-arm-11.2-2022.02-mingw-w64-i686-arm-none-eabi/bin/../lib/gcc/arm-none-eabi/11.2.1/thumb/v7e-m+dp/hard\libc.a(lib_a-mprec.o)
                                 0x6e (size before relaxing)
 *fill*         0x0800f496        0x2 
 .rodata.__mprec_bigtens
                0x0800f498       0x28 c:/cygwin64/home/hiro2/arm-gcc/gcc-arm-11.2-2022.02-mingw-w64-i686-arm-none-eabi/bin/../lib/gcc/arm-none-eabi/11.2.1/thumb/v7e-m+dp/hard\libc.a(lib_a-mprec.o)
                0x0800f498                __mprec_bigtens
 .rodata.__mprec_tens
                0x0800f4c0       0xc8 c:/cygwin64/home/hiro2/arm-gcc/gcc-arm-11.2-2022.02-mingw-w64-i686-arm-none-eabi/bin/../lib/gcc/arm-none-eabi/11.2.1/thumb/v7e-m+dp/hard\libc.a(lib_a-mprec.o)
                0x0800f4c0                __mprec_tens
 .rodata.p05.0  0x0800f588        0xc c:/cygwin64/home/hiro2/arm-gcc/gcc-arm-11.2-2022.02-mingw-w64-i686-arm-none-eabi/bin/../lib/gcc/arm-none-eabi/11.2.1/thumb/v7e-m+dp/hard\libc.a(lib_a-mprec.o)
 .rodata.__assert_func.str1.4
                0x0800f594       0x3f c:/cygwin64/home/hiro2/arm-gcc/gcc-arm-11.2-2022.02-mingw-w64-i686-arm-none-eabi/bin/../lib/gcc/arm-none-eabi/11.2.1/thumb/v7e-m+dp/hard\libc.a(lib_a-assert.o)
                                 0x43 (size before relaxing)
 *fill*         0x0800f5d3        0x1 
 .rodata._ctype_
                0x0800f5d4      0x101 c:/cygwin64/home/hiro2/arm-gcc/gcc-arm-11.2-2022.02-mingw-w64-i686-arm-none-eabi/bin/../lib/gcc/arm-none-eabi/11.2.1/thumb/v7e-m+dp/hard\libc.a(lib_a-ctype_.o)
                0x0800f5d4                _ctype_
 .rodata._vfiprintf_r.str1.4
                0x0800f6d5       0x2f c:/cygwin64/home/hiro2/arm-gcc/gcc-arm-11.2-2022.02-mingw-w64-i686-arm-none-eabi/bin/../lib/gcc/arm-none-eabi/11.2.1/thumb/v7e-m+dp/hard\libc.a(lib_a-vfiprintf.o)
 *fill*         0x0800f6d5        0x3 
 .rodata.blanks.1
                0x0800f6d8       0x10 c:/cygwin64/home/hiro2/arm-gcc/gcc-arm-11.2-2022.02-mingw-w64-i686-arm-none-eabi/bin/../lib/gcc/arm-none-eabi/11.2.1/thumb/v7e-m+dp/hard\libc.a(lib_a-vfiprintf.o)
 .rodata.zeroes.0
                0x0800f6e8       0x10 c:/cygwin64/home/hiro2/arm-gcc/gcc-arm-11.2-2022.02-mingw-w64-i686-arm-none-eabi/bin/../lib/gcc/arm-none-eabi/11.2.1/thumb/v7e-m+dp/hard\libc.a(lib_a-vfiprintf.o)
                0x0800f6f8                . = ALIGN (0x4)

.ARM.extab
 *(.ARM.extab* .gnu.linkonce.armextab.*)
                0x0800f6f8                __exidx_start = .

.ARM.exidx      0x0800f6f8        0x8
 *(.ARM.exidx* .gnu.linkonce.armexidx.*)
 .ARM.exidx.text.__udivmoddi4
                0x0800f6f8        0x8 c:/cygwin64/home/hiro2/arm-gcc/gcc-arm-11.2-2022.02-mingw-w64-i686-arm-none-eabi/bin/../lib/gcc/arm-none-eabi/11.2.1/thumb/v7e-m+dp/hard\libgcc.a(_udivmoddi4.o)
                0x0800f700                __exidx_end = .

.rel.dyn        0x0800f700        0x0
 .rel.iplt      0x0800f700        0x0 objs/sample1.o
                0x0800f700                . = ALIGN (0x4)
                0x0800f700                __idata_start = .

.data           0x20000000      0x9b4 load address 0x0800f700
                0x20000000                . = ALIGN (0x4)
                0x20000000                __data_start = .
 *(.data)
 *(.data.*)
 .data.uwTickPrio
                0x20000000        0x4 .\libkernel.a(stm32h7xx_hal.o)
                0x20000000                uwTickPrio
 .data.SystemCoreClock
                0x20000004        0x4 .\libkernel.a(system_stm32h7xx_dualcore_boot_cm4_cm7.o)
                0x20000004                SystemCoreClock
 .data.SystemD2Clock
                0x20000008        0x4 .\libkernel.a(system_stm32h7xx_dualcore_boot_cm4_cm7.o)
                0x20000008                SystemD2Clock
 .data._impure_ptr
                0x2000000c        0x4 c:/cygwin64/home/hiro2/arm-gcc/gcc-arm-11.2-2022.02-mingw-w64-i686-arm-none-eabi/bin/../lib/gcc/arm-none-eabi/11.2.1/thumb/v7e-m+dp/hard\libc.a(lib_a-impure.o)
                0x2000000c                _impure_ptr
 .data.impure_data
                0x20000010      0x428 c:/cygwin64/home/hiro2/arm-gcc/gcc-arm-11.2-2022.02-mingw-w64-i686-arm-none-eabi/bin/../lib/gcc/arm-none-eabi/11.2.1/thumb/v7e-m+dp/hard\libc.a(lib_a-impure.o)
 .data.__global_locale
                0x20000438      0x16c c:/cygwin64/home/hiro2/arm-gcc/gcc-arm-11.2-2022.02-mingw-w64-i686-arm-none-eabi/bin/../lib/gcc/arm-none-eabi/11.2.1/thumb/v7e-m+dp/hard\libc.a(lib_a-locale.o)
                0x20000438                __global_locale
 .data.__malloc_av_
                0x200005a4      0x408 c:/cygwin64/home/hiro2/arm-gcc/gcc-arm-11.2-2022.02-mingw-w64-i686-arm-none-eabi/bin/../lib/gcc/arm-none-eabi/11.2.1/thumb/v7e-m+dp/hard\libc.a(lib_a-mallocr.o)
                0x200005a4                __malloc_av_
 .data.__malloc_sbrk_base
                0x200009ac        0x4 c:/cygwin64/home/hiro2/arm-gcc/gcc-arm-11.2-2022.02-mingw-w64-i686-arm-none-eabi/bin/../lib/gcc/arm-none-eabi/11.2.1/thumb/v7e-m+dp/hard\libc.a(lib_a-mallocr.o)
                0x200009ac                __malloc_sbrk_base
 .data.__malloc_trim_threshold
                0x200009b0        0x4 c:/cygwin64/home/hiro2/arm-gcc/gcc-arm-11.2-2022.02-mingw-w64-i686-arm-none-eabi/bin/../lib/gcc/arm-none-eabi/11.2.1/thumb/v7e-m+dp/hard\libc.a(lib_a-mallocr.o)
                0x200009b0                __malloc_trim_threshold
                0x200009b4                . = ALIGN (0x4)
                0x080100b4                __idata_end = (__idata_start + SIZEOF (.data))
                0x200009b4                _edata = .
                [!provide]                PROVIDE (edata = .)

.igot.plt       0x200009b4        0x0 load address 0x080100b4
 .igot.plt      0x200009b4        0x0 objs/sample1.o
                0x200009b4                . = ALIGN (0x4)

.bss            0x200009b8     0x3e90 load address 0x080100b8
                0x200009b8                . = ALIGN (0x4)
                0x200009b8                __bss_start = .
 *(.bss)
 *(.bss.*)
 .bss.cpuexc_tskid
                0x200009b8        0x4 objs/sample1.o
                0x200009b8                cpuexc_tskid
 .bss.message   0x200009bc        0x3 objs/sample1.o
                0x200009bc                message
 *fill*         0x200009bf        0x1 
 .bss.task_loop
                0x200009c0        0x4 objs/sample1.o
                0x200009c0                task_loop
 .bss.volatile_var
                0x200009c4        0x4 objs/sample1.o
 .bss.htim2     0x200009c8       0x4c main.o
                0x200009c8                htim2
 .bss.htim_clk  0x20000a14       0x4c main.o
                0x20000a14                htim_clk
 .bss.huart1    0x20000a60       0x8c main.o
                0x20000a60                huart1
 .bss.tim_clk_count
                0x20000aec        0x4 main.o
                0x20000aec                tim_clk_count
 .bss.__sbrk_heap_end
                0x20000af0        0x4 sysmem.o
 .bss.tSerialPortMain_CB_tab
                0x20000af4       0x34 objs/tSerialPortMain_tecsgen.o
                0x20000af4                tSerialPortMain_CB_tab
 .bss.tSerialPortMain_SerialPort1_SerialPortMain_CB_receiveBuffer_INIT
                0x20000b28      0x100 objs/tSerialPortMain_tecsgen.o
                0x20000b28                tSerialPortMain_SerialPort1_SerialPortMain_CB_receiveBuffer_INIT
 .bss.tSerialPortMain_SerialPort1_SerialPortMain_CB_sendBuffer_INIT
                0x20000c28      0x100 objs/tSerialPortMain_tecsgen.o
                0x20000c28                tSerialPortMain_SerialPort1_SerialPortMain_CB_sendBuffer_INIT
 .bss.tSysLog_SINGLE_CELL_CB
                0x20000d28       0x1c objs/tSysLog_tecsgen.o
                0x20000d28                tSysLog_SINGLE_CELL_CB
 .bss.tSysLog_SINGLE_CELL_CB_logBuffer_INIT
                0x20000d44      0x400 objs/tSysLog_tecsgen.o
                0x20000d44                tSysLog_SINGLE_CELL_CB_logBuffer_INIT
 .bss._kernel_almcb_table
                0x20001144       0x18 objs/kernel_cfg.o
                0x20001144                _kernel_almcb_table
 .bss._kernel_cyccb_table
                0x2000115c       0x18 objs/kernel_cfg.o
                0x2000115c                _kernel_cyccb_table
 *fill*         0x20001174        0x4 
 .bss._kernel_istack
                0x20001178     0x1000 objs/kernel_cfg.o
 .bss._kernel_semcb_table
                0x20002178       0x20 objs/kernel_cfg.o
                0x20002178                _kernel_semcb_table
 .bss._kernel_stack_EXC_TASK
                0x20002198      0x400 objs/kernel_cfg.o
 .bss._kernel_stack_MAIN_TASK
                0x20002598      0x400 objs/kernel_cfg.o
 .bss._kernel_stack_TASK1
                0x20002998      0x400 objs/kernel_cfg.o
 .bss._kernel_stack_TASK2
                0x20002d98      0x400 objs/kernel_cfg.o
 .bss._kernel_stack_TASK3
                0x20003198      0x400 objs/kernel_cfg.o
 .bss._kernel_stack_TSKID_tTask_LogTask_Task
                0x20003598     0x1000 objs/kernel_cfg.o
 .bss._kernel_tcb_table
                0x20004598       0xf0 objs/kernel_cfg.o
                0x20004598                _kernel_tcb_table
 .bss._kernel_tmevt_heap
                0x20004688       0x24 objs/kernel_cfg.o
                0x20004688                _kernel_tmevt_heap
 .bss.Tim2Handle
                0x200046ac       0x4c .\libkernel.a(target_timer.o)
                0x200046ac                Tim2Handle
 .bss.Tim5Handle
                0x200046f8       0x4c .\libkernel.a(target_timer.o)
                0x200046f8                Tim5Handle
 .bss._kernel_lock_flag
                0x20004744        0x4 .\libkernel.a(core_kernel_impl.o)
                0x20004744                _kernel_lock_flag
 .bss._kernel_saved_iipm
                0x20004748        0x4 .\libkernel.a(core_kernel_impl.o)
                0x20004748                _kernel_saved_iipm
 .bss._kernel_kerflg
                0x2000474c        0x4 .\libkernel.a(startup.o)
                0x2000474c                _kernel_kerflg
 .bss._kernel_dspflg
                0x20004750        0x4 .\libkernel.a(task.o)
                0x20004750                _kernel_dspflg
 .bss._kernel_enadsp
                0x20004754        0x4 .\libkernel.a(task.o)
                0x20004754                _kernel_enadsp
 .bss._kernel_p_runtsk
                0x20004758        0x4 .\libkernel.a(task.o)
                0x20004758                _kernel_p_runtsk
 .bss._kernel_p_schedtsk
                0x2000475c        0x4 .\libkernel.a(task.o)
                0x2000475c                _kernel_p_schedtsk
 .bss._kernel_ready_primap
                0x20004760        0x2 .\libkernel.a(task.o)
                0x20004760                _kernel_ready_primap
 *fill*         0x20004762        0x2 
 .bss._kernel_ready_queue
                0x20004764       0x80 .\libkernel.a(task.o)
                0x20004764                _kernel_ready_queue
 .bss._kernel_mtxhook_check_ceilpri
                0x200047e4        0x4 .\libkernel.a(taskhook.o)
                0x200047e4                _kernel_mtxhook_check_ceilpri
 .bss._kernel_mtxhook_release_all
                0x200047e8        0x4 .\libkernel.a(taskhook.o)
                0x200047e8                _kernel_mtxhook_release_all
 .bss._kernel_mtxhook_scan_ceilmtx
                0x200047ec        0x4 .\libkernel.a(taskhook.o)
                0x200047ec                _kernel_mtxhook_scan_ceilmtx
 .bss._kernel_boundary_evttim
                0x200047f0        0x4 .\libkernel.a(time_event.o)
                0x200047f0                _kernel_boundary_evttim
 .bss._kernel_current_evttim
                0x200047f4        0x4 .\libkernel.a(time_event.o)
                0x200047f4                _kernel_current_evttim
 .bss._kernel_current_hrtcnt
                0x200047f8        0x4 .\libkernel.a(time_event.o)
                0x200047f8                _kernel_current_hrtcnt
 .bss._kernel_in_signal_time
                0x200047fc        0x4 .\libkernel.a(time_event.o)
                0x200047fc                _kernel_in_signal_time
 .bss._kernel_monotonic_evttim
                0x20004800        0x4 .\libkernel.a(time_event.o)
                0x20004800                _kernel_monotonic_evttim
 *fill*         0x20004804        0x4 
 .bss._kernel_systim_offset
                0x20004808        0x8 .\libkernel.a(time_event.o)
                0x20004808                _kernel_systim_offset
 .bss.__malloc_current_mallinfo
                0x20004810       0x28 c:/cygwin64/home/hiro2/arm-gcc/gcc-arm-11.2-2022.02-mingw-w64-i686-arm-none-eabi/bin/../lib/gcc/arm-none-eabi/11.2.1/thumb/v7e-m+dp/hard\libc.a(lib_a-mallocr.o)
                0x20004810                __malloc_current_mallinfo
 .bss.__malloc_max_sbrked_mem
                0x20004838        0x4 c:/cygwin64/home/hiro2/arm-gcc/gcc-arm-11.2-2022.02-mingw-w64-i686-arm-none-eabi/bin/../lib/gcc/arm-none-eabi/11.2.1/thumb/v7e-m+dp/hard\libc.a(lib_a-mallocr.o)
                0x20004838                __malloc_max_sbrked_mem
 .bss.__malloc_max_total_mem
                0x2000483c        0x4 c:/cygwin64/home/hiro2/arm-gcc/gcc-arm-11.2-2022.02-mingw-w64-i686-arm-none-eabi/bin/../lib/gcc/arm-none-eabi/11.2.1/thumb/v7e-m+dp/hard\libc.a(lib_a-mallocr.o)
                0x2000483c                __malloc_max_total_mem
 .bss.__malloc_top_pad
                0x20004840        0x4 c:/cygwin64/home/hiro2/arm-gcc/gcc-arm-11.2-2022.02-mingw-w64-i686-arm-none-eabi/bin/../lib/gcc/arm-none-eabi/11.2.1/thumb/v7e-m+dp/hard\libc.a(lib_a-mallocr.o)
                0x20004840                __malloc_top_pad
 .bss.errno     0x20004844        0x4 c:/cygwin64/home/hiro2/arm-gcc/gcc-arm-11.2-2022.02-mingw-w64-i686-arm-none-eabi/bin/../lib/gcc/arm-none-eabi/11.2.1/thumb/v7e-m+dp/hard\libc.a(lib_a-reent.o)
                0x20004844                errno
 *(COMMON)
                0x20004848                . = ALIGN (0x4)
                0x20004848                . = ALIGN (0x4)
                0x20004848                _end = .
                0x20004848                __bss_end = .
                [!provide]                PROVIDE (end = .)
LOAD objs/sample1.o
LOAD objs/log_output.o
LOAD objs/vasyslog.o
LOAD objs/t_perror.o
LOAD objs/strerror.o
LOAD main.o
LOAD syscalls.o
LOAD sysmem.o
LOAD stm32h7xx_hal_uart.o
LOAD stm32h7xx_hal_tim.o
LOAD stm32h7xx_hal_tim_ex.o
LOAD stm32h7xx_hal_uart_ex.o
LOAD objs/tTask_tecsgen.o
LOAD objs/tSemaphore_tecsgen.o
LOAD objs/tInterruptRequest_tecsgen.o
LOAD objs/tISR_tecsgen.o
LOAD objs/tInitializeRoutine_tecsgen.o
LOAD objs/tTerminateRoutine_tecsgen.o
LOAD objs/tSerialPortMain_tecsgen.o
LOAD objs/tSerialAdapter_tecsgen.o
LOAD objs/tSysLog_tecsgen.o
LOAD objs/tSysLogAdapter_tecsgen.o
LOAD objs/tLogTaskMain_tecsgen.o
LOAD objs/tBannerMain_tecsgen.o
LOAD objs/tPutLogTarget_tecsgen.o
LOAD objs/tUsart_tecsgen.o
LOAD objs/tSIOPortTargetMain_tecsgen.o
LOAD objs/tTask.o
LOAD objs/tISR.o
LOAD objs/tInitializeRoutine.o
LOAD objs/tTerminateRoutine.o
LOAD objs/tSerialPortMain.o
LOAD objs/tSerialAdapter.o
LOAD objs/tSysLog.o
LOAD objs/tSysLogAdapter.o
LOAD objs/tLogTaskMain.o
LOAD objs/tBannerMain.o
LOAD objs/tPutLogTarget.o
LOAD objs/tUsart.o
LOAD objs/init_tecs.o
LOAD objs/kernel_cfg.o
LOAD .\libkernel.a
LOAD c:/cygwin64/home/hiro2/arm-gcc/gcc-arm-11.2-2022.02-mingw-w64-i686-arm-none-eabi/bin/../lib/gcc/arm-none-eabi/11.2.1/thumb/v7e-m+dp/hard\libc.a
LOAD c:/cygwin64/home/hiro2/arm-gcc/gcc-arm-11.2-2022.02-mingw-w64-i686-arm-none-eabi/bin/../lib/gcc/arm-none-eabi/11.2.1/thumb/v7e-m+dp/hard\libgcc.a
OUTPUT(asp.exe elf32-littlearm)
LOAD linker stubs

.debug_info     0x00000000    0x57359
 .debug_info    0x00000000     0x3170 objs/sample1.o
 .debug_info    0x00003170      0x4d3 objs/log_output.o
 .debug_info    0x00003643      0x1ca objs/vasyslog.o
 .debug_info    0x0000380d      0x1f4 objs/t_perror.o
 .debug_info    0x00003a01       0xe4 objs/strerror.o
 .debug_info    0x00003ae5     0x2b71 main.o
 .debug_info    0x00006656      0x7ae syscalls.o
 .debug_info    0x00006e04      0x182 sysmem.o
 .debug_info    0x00006f86     0x2519 stm32h7xx_hal_uart.o
 .debug_info    0x0000949f     0x4757 stm32h7xx_hal_tim.o
 .debug_info    0x0000dbf6     0x1d3f stm32h7xx_hal_tim_ex.o
 .debug_info    0x0000f935      0xce4 stm32h7xx_hal_uart_ex.o
 .debug_info    0x00010619      0x133 objs/tTask_tecsgen.o
 .debug_info    0x0001074c      0x12c objs/tSemaphore_tecsgen.o
 .debug_info    0x00010878      0x4d9 objs/tInterruptRequest_tecsgen.o
 .debug_info    0x00010d51      0x133 objs/tISR_tecsgen.o
 .debug_info    0x00010e84       0xd6 objs/tInitializeRoutine_tecsgen.o
 .debug_info    0x00010f5a       0xd6 objs/tTerminateRoutine_tecsgen.o
 .debug_info    0x00011030      0x744 objs/tSerialPortMain_tecsgen.o
 .debug_info    0x00011774      0x29d objs/tSerialAdapter_tecsgen.o
 .debug_info    0x00011a11      0x244 objs/tSysLog_tecsgen.o
 .debug_info    0x00011c55       0x8d objs/tSysLogAdapter_tecsgen.o
 .debug_info    0x00011ce2      0x100 objs/tLogTaskMain_tecsgen.o
 .debug_info    0x00011de2       0xe2 objs/tBannerMain_tecsgen.o
 .debug_info    0x00011ec4       0x8d objs/tPutLogTarget_tecsgen.o
 .debug_info    0x00011f51      0x15a objs/tUsart_tecsgen.o
 .debug_info    0x000120ab       0xd6 objs/tSIOPortTargetMain_tecsgen.o
 .debug_info    0x00012181      0x131 objs/tTask.o
 .debug_info    0x000122b2      0x1c6 objs/tISR.o
 .debug_info    0x00012478      0x116 objs/tInitializeRoutine.o
 .debug_info    0x0001258e      0x116 objs/tTerminateRoutine.o
 .debug_info    0x000126a4     0x17c3 objs/tSerialPortMain.o
 .debug_info    0x00013e67      0x45c objs/tSerialAdapter.o
 .debug_info    0x000142c3      0xd61 objs/tSysLog.o
 .debug_info    0x00015024      0x342 objs/tSysLogAdapter.o
 .debug_info    0x00015366      0x84f objs/tLogTaskMain.o
 .debug_info    0x00015bb5      0x2f9 objs/tBannerMain.o
 .debug_info    0x00015eae      0x3da objs/tPutLogTarget.o
 .debug_info    0x00016288      0x73a objs/tUsart.o
 .debug_info    0x000169c2      0x1c2 objs/init_tecs.o
 .debug_info    0x00016b84     0x1a8d objs/kernel_cfg.o
 .debug_info    0x00018611       0x24 .\libkernel.a(start.o)
 .debug_info    0x00018635       0x25 .\libkernel.a(core_support.o)
 .debug_info    0x0001865a      0x1d2 .\libkernel.a(target_kernel_impl.o)
 .debug_info    0x0001882c      0x403 .\libkernel.a(stm32h7xx_hal_hsem.o)
 .debug_info    0x00018c2f     0x194b .\libkernel.a(stm32h7xx_hal.o)
 .debug_info    0x0001a57a     0x134c .\libkernel.a(stm32h7xx_hal_pwr_ex.o)
 .debug_info    0x0001b8c6     0x19be .\libkernel.a(stm32h7xx_hal_rcc_ex.o)
 .debug_info    0x0001d284      0xd1e .\libkernel.a(stm32h7xx_hal_gpio.o)
 .debug_info    0x0001dfa2      0xdd9 .\libkernel.a(system_stm32h7xx_dualcore_boot_cm4_cm7.o)
 .debug_info    0x0001ed7b     0x12c5 .\libkernel.a(stm32h7xx_hal_cortex.o)
 .debug_info    0x00020040     0x120d .\libkernel.a(stm32h7xx_hal_rcc.o)
 .debug_info    0x0002124d      0x8a9 .\libkernel.a(target_timer.o)
 .debug_info    0x00021af6     0x1a48 .\libkernel.a(core_kernel_impl.o)
 .debug_info    0x0002353e      0xaf5 .\libkernel.a(startup.o)
 .debug_info    0x00024033     0x1355 .\libkernel.a(task.o)
 .debug_info    0x00025388      0x471 .\libkernel.a(taskhook.o)
 .debug_info    0x000257f9     0x14e5 .\libkernel.a(time_event.o)
 .debug_info    0x00026cde     0x101a .\libkernel.a(task_manage.o)
 .debug_info    0x00027cf8     0x159f .\libkernel.a(task_sync.o)
 .debug_info    0x00029297      0xe7a .\libkernel.a(task_term.o)
 .debug_info    0x0002a111     0x14da .\libkernel.a(semaphore.o)
 .debug_info    0x0002b5eb      0xe18 .\libkernel.a(time_manage.o)
 .debug_info    0x0002c403      0xa24 .\libkernel.a(cyclic.o)
 .debug_info    0x0002ce27      0x9be .\libkernel.a(alarm.o)
 .debug_info    0x0002d7e5     0x1211 .\libkernel.a(sys_manage.o)
 .debug_info    0x0002e9f6     0x17af .\libkernel.a(interrupt.o)
 .debug_info    0x000301a5      0x65e .\libkernel.a(exception.o)
 .debug_info    0x00030803     0x13e5 .\libkernel.a(wait.o)
 .debug_info    0x00031be8      0x8a9 c:/cygwin64/home/hiro2/arm-gcc/gcc-arm-11.2-2022.02-mingw-w64-i686-arm-none-eabi/bin/../lib/gcc/arm-none-eabi/11.2.1/thumb/v7e-m+dp/hard\libc.a(lib_a-errno.o)
 .debug_info    0x00032491      0x8be c:/cygwin64/home/hiro2/arm-gcc/gcc-arm-11.2-2022.02-mingw-w64-i686-arm-none-eabi/bin/../lib/gcc/arm-none-eabi/11.2.1/thumb/v7e-m+dp/hard\libc.a(lib_a-impure.o)
 .debug_info    0x00032d4f      0x10b c:/cygwin64/home/hiro2/arm-gcc/gcc-arm-11.2-2022.02-mingw-w64-i686-arm-none-eabi/bin/../lib/gcc/arm-none-eabi/11.2.1/thumb/v7e-m+dp/hard\libc.a(lib_a-init.o)
 .debug_info    0x00032e5a      0x135 c:/cygwin64/home/hiro2/arm-gcc/gcc-arm-11.2-2022.02-mingw-w64-i686-arm-none-eabi/bin/../lib/gcc/arm-none-eabi/11.2.1/thumb/v7e-m+dp/hard\libc.a(lib_a-memset.o)
 .debug_info    0x00032f8f      0xab7 c:/cygwin64/home/hiro2/arm-gcc/gcc-arm-11.2-2022.02-mingw-w64-i686-arm-none-eabi/bin/../lib/gcc/arm-none-eabi/11.2.1/thumb/v7e-m+dp/hard\libc.a(lib_a-snprintf.o)
 .debug_info    0x00033a46       0x25 c:/cygwin64/home/hiro2/arm-gcc/gcc-arm-11.2-2022.02-mingw-w64-i686-arm-none-eabi/bin/../lib/gcc/arm-none-eabi/11.2.1/thumb/v7e-m+dp/hard\libc.a(lib_a-strlen.o)
 .debug_info    0x00033a6b       0xe1 c:/cygwin64/home/hiro2/arm-gcc/gcc-arm-11.2-2022.02-mingw-w64-i686-arm-none-eabi/bin/../lib/gcc/arm-none-eabi/11.2.1/thumb/v7e-m+dp/hard\libc.a(lib_a-strnlen.o)
 .debug_info    0x00033b4c     0x1d23 c:/cygwin64/home/hiro2/arm-gcc/gcc-arm-11.2-2022.02-mingw-w64-i686-arm-none-eabi/bin/../lib/gcc/arm-none-eabi/11.2.1/thumb/v7e-m+dp/hard\libc.a(lib_a-svfprintf.o)
 .debug_info    0x0003586f      0xcd5 c:/cygwin64/home/hiro2/arm-gcc/gcc-arm-11.2-2022.02-mingw-w64-i686-arm-none-eabi/bin/../lib/gcc/arm-none-eabi/11.2.1/thumb/v7e-m+dp/hard\libc.a(lib_a-wcrtomb.o)
 .debug_info    0x00036544      0xa3c c:/cygwin64/home/hiro2/arm-gcc/gcc-arm-11.2-2022.02-mingw-w64-i686-arm-none-eabi/bin/../lib/gcc/arm-none-eabi/11.2.1/thumb/v7e-m+dp/hard\libc.a(lib_a-wcsrtombs.o)
 .debug_info    0x00036f80     0x178e c:/cygwin64/home/hiro2/arm-gcc/gcc-arm-11.2-2022.02-mingw-w64-i686-arm-none-eabi/bin/../lib/gcc/arm-none-eabi/11.2.1/thumb/v7e-m+dp/hard\libc.a(lib_a-dtoa.o)
 .debug_info    0x0003870e      0xcd5 c:/cygwin64/home/hiro2/arm-gcc/gcc-arm-11.2-2022.02-mingw-w64-i686-arm-none-eabi/bin/../lib/gcc/arm-none-eabi/11.2.1/thumb/v7e-m+dp/hard\libc.a(lib_a-freer.o)
 .debug_info    0x000393e3      0xbeb c:/cygwin64/home/hiro2/arm-gcc/gcc-arm-11.2-2022.02-mingw-w64-i686-arm-none-eabi/bin/../lib/gcc/arm-none-eabi/11.2.1/thumb/v7e-m+dp/hard\libc.a(lib_a-localeconv.o)
 .debug_info    0x00039fce     0x1b51 c:/cygwin64/home/hiro2/arm-gcc/gcc-arm-11.2-2022.02-mingw-w64-i686-arm-none-eabi/bin/../lib/gcc/arm-none-eabi/11.2.1/thumb/v7e-m+dp/hard\libc.a(lib_a-locale.o)
 .debug_info    0x0003bb1f      0xe59 c:/cygwin64/home/hiro2/arm-gcc/gcc-arm-11.2-2022.02-mingw-w64-i686-arm-none-eabi/bin/../lib/gcc/arm-none-eabi/11.2.1/thumb/v7e-m+dp/hard\libc.a(lib_a-mallocr.o)
 .debug_info    0x0003c978     0x10f0 c:/cygwin64/home/hiro2/arm-gcc/gcc-arm-11.2-2022.02-mingw-w64-i686-arm-none-eabi/bin/../lib/gcc/arm-none-eabi/11.2.1/thumb/v7e-m+dp/hard\libc.a(lib_a-mbtowc_r.o)
 .debug_info    0x0003da68       0x25 c:/cygwin64/home/hiro2/arm-gcc/gcc-arm-11.2-2022.02-mingw-w64-i686-arm-none-eabi/bin/../lib/gcc/arm-none-eabi/11.2.1/thumb/v7e-m+dp/hard\libc.a(lib_a-memchr.o)
 .debug_info    0x0003da8d       0x25 c:/cygwin64/home/hiro2/arm-gcc/gcc-arm-11.2-2022.02-mingw-w64-i686-arm-none-eabi/bin/../lib/gcc/arm-none-eabi/11.2.1/thumb/v7e-m+dp/hard\libc.a(lib_a-memcpy.o)
 .debug_info    0x0003dab2      0x8d4 c:/cygwin64/home/hiro2/arm-gcc/gcc-arm-11.2-2022.02-mingw-w64-i686-arm-none-eabi/bin/../lib/gcc/arm-none-eabi/11.2.1/thumb/v7e-m+dp/hard\libc.a(lib_a-mlock.o)
 .debug_info    0x0003e386     0x1fc7 c:/cygwin64/home/hiro2/arm-gcc/gcc-arm-11.2-2022.02-mingw-w64-i686-arm-none-eabi/bin/../lib/gcc/arm-none-eabi/11.2.1/thumb/v7e-m+dp/hard\libc.a(lib_a-mprec.o)
 .debug_info    0x0004034d      0x92a c:/cygwin64/home/hiro2/arm-gcc/gcc-arm-11.2-2022.02-mingw-w64-i686-arm-none-eabi/bin/../lib/gcc/arm-none-eabi/11.2.1/thumb/v7e-m+dp/hard\libc.a(lib_a-sbrkr.o)
 .debug_info    0x00040c77      0x1c4 c:/cygwin64/home/hiro2/arm-gcc/gcc-arm-11.2-2022.02-mingw-w64-i686-arm-none-eabi/bin/../lib/gcc/arm-none-eabi/11.2.1/thumb/v7e-m+dp/hard\libc.a(lib_a-s_frexp.o)
 .debug_info    0x00040e3b      0x14a c:/cygwin64/home/hiro2/arm-gcc/gcc-arm-11.2-2022.02-mingw-w64-i686-arm-none-eabi/bin/../lib/gcc/arm-none-eabi/11.2.1/thumb/v7e-m+dp/hard\libc.a(lib_a-strncpy.o)
 .debug_info    0x00040f85     0x16f2 c:/cygwin64/home/hiro2/arm-gcc/gcc-arm-11.2-2022.02-mingw-w64-i686-arm-none-eabi/bin/../lib/gcc/arm-none-eabi/11.2.1/thumb/v7e-m+dp/hard\libc.a(lib_a-svfiprintf.o)