
Memory Configuration

Name             Origin             Length             Attributes
FLASH            0x08000000         0x00100000         xr
SRAM             0x20000000         0x00020000         xrw
*default*        0x00000000         0xffffffff

Linker script and memory map

                [!provide]                PROVIDE (hardware_init_hook = 0x0)
                [!provide]                PROVIDE (software_init_hook = 0x0)
                [!provide]                PROVIDE (software_term_hook = 0x0)
                0x20020000                _estack = 0x20020000
                0x00000200                _Min_Heap_Size = 0x200
                0x00000400                _Min_Stack_Size = 0x400

.text           0x08000000        0x8
                0x08000000                . = ALIGN (0x4)
                0x08000000                __text = .
 *(.vector)
 *(.text)
 .text          0x08000000        0x0 objs/cfg1_out.o
 *(.text.*)
 .text._kernel_start
                0x08000000        0x4 objs/cfg1_out.o
                0x08000000                _kernel_start
 .text.sta_ker  0x08000004        0x4 objs/cfg1_out.o
                0x08000004                sta_ker
 *(.empty.*)
                0x08000008                . = ALIGN (0x4)
                0x08000008                _etext = .
                [!provide]                PROVIDE (etext = .)

.glue_7         0x08000008        0x0
 .glue_7        0x08000008        0x0 linker stubs

.glue_7t        0x08000008        0x0
 .glue_7t       0x08000008        0x0 linker stubs

.vfp11_veneer   0x08000008        0x0
 .vfp11_veneer  0x08000008        0x0 linker stubs

.v4_bx          0x08000008        0x0
 .v4_bx         0x08000008        0x0 linker stubs

.rodata         0x08000008      0x784
                0x08000008                . = ALIGN (0x4)
 *(.rodata)
 *(.rodata.*)
 .rodata.TOPPERS_cfg_CHAR_BIT
                0x08000008        0x8 objs/cfg1_out.o
                0x08000008                TOPPERS_cfg_CHAR_BIT
 .rodata.TOPPERS_cfg_CHAR_MAX
                0x08000010        0x8 objs/cfg1_out.o
                0x08000010                TOPPERS_cfg_CHAR_MAX
 .rodata.TOPPERS_cfg_CHAR_MIN
                0x08000018        0x8 objs/cfg1_out.o
                0x08000018                TOPPERS_cfg_CHAR_MIN
 .rodata.TOPPERS_cfg_CHECK_FUNC_ALIGN
                0x08000020        0x8 objs/cfg1_out.o
                0x08000020                TOPPERS_cfg_CHECK_FUNC_ALIGN
 .rodata.TOPPERS_cfg_CHECK_FUNC_NONNULL
                0x08000028        0x8 objs/cfg1_out.o
                0x08000028                TOPPERS_cfg_CHECK_FUNC_NONNULL
 .rodata.TOPPERS_cfg_CHECK_INTPTR_ALIGN
                0x08000030        0x8 objs/cfg1_out.o
                0x08000030                TOPPERS_cfg_CHECK_INTPTR_ALIGN
 .rodata.TOPPERS_cfg_CHECK_INTPTR_NONNULL
                0x08000038        0x8 objs/cfg1_out.o
                0x08000038                TOPPERS_cfg_CHECK_INTPTR_NONNULL
 .rodata.TOPPERS_cfg_CHECK_MPF_ALIGN
                0x08000040        0x8 objs/cfg1_out.o
                0x08000040                TOPPERS_cfg_CHECK_MPF_ALIGN
 .rodata.TOPPERS_cfg_CHECK_MPF_NONNULL
                0x08000048        0x8 objs/cfg1_out.o
                0x08000048                TOPPERS_cfg_CHECK_MPF_NONNULL
 .rodata.TOPPERS_cfg_CHECK_STACK_ALIGN
                0x08000050        0x8 objs/cfg1_out.o
                0x08000050                TOPPERS_cfg_CHECK_STACK_ALIGN
 .rodata.TOPPERS_cfg_CHECK_STACK_NONNULL
                0x08000058        0x8 objs/cfg1_out.o
                0x08000058                TOPPERS_cfg_CHECK_STACK_NONNULL
 .rodata.TOPPERS_cfg_CHECK_STKSZ_ALIGN
                0x08000060        0x8 objs/cfg1_out.o
                0x08000060                TOPPERS_cfg_CHECK_STKSZ_ALIGN
 .rodata.TOPPERS_cfg_INT_MAX
                0x08000068        0x8 objs/cfg1_out.o
                0x08000068                TOPPERS_cfg_INT_MAX
 .rodata.TOPPERS_cfg_INT_MIN
                0x08000070        0x8 objs/cfg1_out.o
                0x08000070                TOPPERS_cfg_INT_MIN
 .rodata.TOPPERS_cfg_LONG_MAX
                0x08000078        0x8 objs/cfg1_out.o
                0x08000078                TOPPERS_cfg_LONG_MAX
 .rodata.TOPPERS_cfg_LONG_MIN
                0x08000080        0x8 objs/cfg1_out.o
                0x08000080                TOPPERS_cfg_LONG_MIN
 .rodata.TOPPERS_cfg_OMIT_INITIALIZE_EXCEPTION
                0x08000088        0x8 objs/cfg1_out.o
                0x08000088                TOPPERS_cfg_OMIT_INITIALIZE_EXCEPTION
 .rodata.TOPPERS_cfg_OMIT_INITIALIZE_INTERRUPT
                0x08000090        0x8 objs/cfg1_out.o
                0x08000090                TOPPERS_cfg_OMIT_INITIALIZE_INTERRUPT
 .rodata.TOPPERS_cfg_SCHAR_MAX
                0x08000098        0x8 objs/cfg1_out.o
                0x08000098                TOPPERS_cfg_SCHAR_MAX
 .rodata.TOPPERS_cfg_SCHAR_MIN
                0x080000a0        0x8 objs/cfg1_out.o
                0x080000a0                TOPPERS_cfg_SCHAR_MIN
 .rodata.TOPPERS_cfg_SHRT_MAX
                0x080000a8        0x8 objs/cfg1_out.o
                0x080000a8                TOPPERS_cfg_SHRT_MAX
 .rodata.TOPPERS_cfg_SHRT_MIN
                0x080000b0        0x8 objs/cfg1_out.o
                0x080000b0                TOPPERS_cfg_SHRT_MIN
 .rodata.TOPPERS_cfg_SIL_ENDIAN_LITTLE
                0x080000b8        0x8 objs/cfg1_out.o
                0x080000b8                TOPPERS_cfg_SIL_ENDIAN_LITTLE
 .rodata.TOPPERS_cfg_TARGET_EXCATR
                0x080000c0        0x8 objs/cfg1_out.o
                0x080000c0                TOPPERS_cfg_TARGET_EXCATR
 .rodata.TOPPERS_cfg_TARGET_INHATR
                0x080000c8        0x8 objs/cfg1_out.o
                0x080000c8                TOPPERS_cfg_TARGET_INHATR
 .rodata.TOPPERS_cfg_TARGET_INTATR
                0x080000d0        0x8 objs/cfg1_out.o
                0x080000d0                TOPPERS_cfg_TARGET_INTATR
 .rodata.TOPPERS_cfg_TARGET_ISRATR
                0x080000d8        0x8 objs/cfg1_out.o
                0x080000d8                TOPPERS_cfg_TARGET_ISRATR
 .rodata.TOPPERS_cfg_TARGET_MIN_ISTKSZ
                0x080000e0        0x8 objs/cfg1_out.o
                0x080000e0                TOPPERS_cfg_TARGET_MIN_ISTKSZ
 .rodata.TOPPERS_cfg_TARGET_MIN_STKSZ
                0x080000e8        0x8 objs/cfg1_out.o
                0x080000e8                TOPPERS_cfg_TARGET_MIN_STKSZ
 .rodata.TOPPERS_cfg_TARGET_TSKATR
                0x080000f0        0x8 objs/cfg1_out.o
                0x080000f0                TOPPERS_cfg_TARGET_TSKATR
 .rodata.TOPPERS_cfg_TA_ACT
                0x080000f8        0x8 objs/cfg1_out.o
                0x080000f8                TOPPERS_cfg_TA_ACT
 .rodata.TOPPERS_cfg_TA_CEILING
                0x08000100        0x8 objs/cfg1_out.o
                0x08000100                TOPPERS_cfg_TA_CEILING
 .rodata.TOPPERS_cfg_TA_CLR
                0x08000108        0x8 objs/cfg1_out.o
                0x08000108                TOPPERS_cfg_TA_CLR
 .rodata.TOPPERS_cfg_TA_DIRECT
                0x08000110        0x8 objs/cfg1_out.o
                0x08000110                TOPPERS_cfg_TA_DIRECT
 .rodata.TOPPERS_cfg_TA_EDGE
                0x08000118        0x8 objs/cfg1_out.o
                0x08000118                TOPPERS_cfg_TA_EDGE
 .rodata.TOPPERS_cfg_TA_ENAINT
                0x08000120        0x8 objs/cfg1_out.o
                0x08000120                TOPPERS_cfg_TA_ENAINT
 .rodata.TOPPERS_cfg_TA_NOACTQUE
                0x08000128        0x8 objs/cfg1_out.o
                0x08000128                TOPPERS_cfg_TA_NOACTQUE
 .rodata.TOPPERS_cfg_TA_NONKERNEL
                0x08000130        0x8 objs/cfg1_out.o
                0x08000130                TOPPERS_cfg_TA_NONKERNEL
 .rodata.TOPPERS_cfg_TA_NULL
                0x08000138        0x8 objs/cfg1_out.o
                0x08000138                TOPPERS_cfg_TA_NULL
 .rodata.TOPPERS_cfg_TA_STA
                0x08000140        0x8 objs/cfg1_out.o
                0x08000140                TOPPERS_cfg_TA_STA
 .rodata.TOPPERS_cfg_TA_TPRI
                0x08000148        0x8 objs/cfg1_out.o
                0x08000148                TOPPERS_cfg_TA_TPRI
 .rodata.TOPPERS_cfg_TA_WMUL
                0x08000150        0x8 objs/cfg1_out.o
                0x08000150                TOPPERS_cfg_TA_WMUL
 .rodata.TOPPERS_cfg_TBITW_IPRI
                0x08000158        0x8 objs/cfg1_out.o
                0x08000158                TOPPERS_cfg_TBITW_IPRI
 .rodata.TOPPERS_cfg_TBIT_FLGPTN
                0x08000160        0x8 objs/cfg1_out.o
                0x08000160                TOPPERS_cfg_TBIT_FLGPTN
 .rodata.TOPPERS_cfg_TENFY_ACTTSK
                0x08000168        0x8 objs/cfg1_out.o
                0x08000168                TOPPERS_cfg_TENFY_ACTTSK
 .rodata.TOPPERS_cfg_TENFY_INCVAR
                0x08000170        0x8 objs/cfg1_out.o
                0x08000170                TOPPERS_cfg_TENFY_INCVAR
 .rodata.TOPPERS_cfg_TENFY_SETFLG
                0x08000178        0x8 objs/cfg1_out.o
                0x08000178                TOPPERS_cfg_TENFY_SETFLG
 .rodata.TOPPERS_cfg_TENFY_SETVAR
                0x08000180        0x8 objs/cfg1_out.o
                0x08000180                TOPPERS_cfg_TENFY_SETVAR
 .rodata.TOPPERS_cfg_TENFY_SIGSEM
                0x08000188        0x8 objs/cfg1_out.o
                0x08000188                TOPPERS_cfg_TENFY_SIGSEM
 .rodata.TOPPERS_cfg_TENFY_SNDDTQ
                0x08000190        0x8 objs/cfg1_out.o
                0x08000190                TOPPERS_cfg_TENFY_SNDDTQ
 .rodata.TOPPERS_cfg_TENFY_WUPTSK
                0x08000198        0x8 objs/cfg1_out.o
                0x08000198                TOPPERS_cfg_TENFY_WUPTSK
 .rodata.TOPPERS_cfg_TIPM_LOCK
                0x080001a0        0x8 objs/cfg1_out.o
                0x080001a0                TOPPERS_cfg_TIPM_LOCK
 .rodata.TOPPERS_cfg_TMAX_DPRI
                0x080001a8        0x8 objs/cfg1_out.o
                0x080001a8                TOPPERS_cfg_TMAX_DPRI
 .rodata.TOPPERS_cfg_TMAX_INTNO
                0x080001b0        0x8 objs/cfg1_out.o
                0x080001b0                TOPPERS_cfg_TMAX_INTNO
 .rodata.TOPPERS_cfg_TMAX_INTPRI
                0x080001b8        0x8 objs/cfg1_out.o
                0x080001b8                TOPPERS_cfg_TMAX_INTPRI
 .rodata.TOPPERS_cfg_TMAX_ISRPRI
                0x080001c0        0x8 objs/cfg1_out.o
                0x080001c0                TOPPERS_cfg_TMAX_ISRPRI
 .rodata.TOPPERS_cfg_TMAX_MAXSEM
                0x080001c8        0x8 objs/cfg1_out.o
                0x080001c8                TOPPERS_cfg_TMAX_MAXSEM
 .rodata.TOPPERS_cfg_TMAX_RELTIM
                0x080001d0        0x8 objs/cfg1_out.o
                0x080001d0                TOPPERS_cfg_TMAX_RELTIM
 .rodata.TOPPERS_cfg_TMAX_TPRI
                0x080001d8        0x8 objs/cfg1_out.o
                0x080001d8                TOPPERS_cfg_TMAX_TPRI
 .rodata.TOPPERS_cfg_TMIN_ALMID
                0x080001e0        0x8 objs/cfg1_out.o
                0x080001e0                TOPPERS_cfg_TMIN_ALMID
 .rodata.TOPPERS_cfg_TMIN_CYCID
                0x080001e8        0x8 objs/cfg1_out.o
                0x080001e8                TOPPERS_cfg_TMIN_CYCID
 .rodata.TOPPERS_cfg_TMIN_DPRI
                0x080001f0        0x8 objs/cfg1_out.o
                0x080001f0                TOPPERS_cfg_TMIN_DPRI
 .rodata.TOPPERS_cfg_TMIN_DTQID
                0x080001f8        0x8 objs/cfg1_out.o
                0x080001f8                TOPPERS_cfg_TMIN_DTQID
 .rodata.TOPPERS_cfg_TMIN_FLGID
                0x08000200        0x8 objs/cfg1_out.o
                0x08000200                TOPPERS_cfg_TMIN_FLGID
 .rodata.TOPPERS_cfg_TMIN_INTPRI
                0x08000208        0x8 objs/cfg1_out.o
                0x08000208                TOPPERS_cfg_TMIN_INTPRI
 .rodata.TOPPERS_cfg_TMIN_ISRPRI
                0x08000210        0x8 objs/cfg1_out.o
                0x08000210                TOPPERS_cfg_TMIN_ISRPRI
 .rodata.TOPPERS_cfg_TMIN_MPFID
                0x08000218        0x8 objs/cfg1_out.o
                0x08000218                TOPPERS_cfg_TMIN_MPFID
 .rodata.TOPPERS_cfg_TMIN_MTXID
                0x08000220        0x8 objs/cfg1_out.o
                0x08000220                TOPPERS_cfg_TMIN_MTXID
 .rodata.TOPPERS_cfg_TMIN_PDQID
                0x08000228        0x8 objs/cfg1_out.o
                0x08000228                TOPPERS_cfg_TMIN_PDQID
 .rodata.TOPPERS_cfg_TMIN_SEMID
                0x08000230        0x8 objs/cfg1_out.o
                0x08000230                TOPPERS_cfg_TMIN_SEMID
 .rodata.TOPPERS_cfg_TMIN_TPRI
                0x08000238        0x8 objs/cfg1_out.o
                0x08000238                TOPPERS_cfg_TMIN_TPRI
 .rodata.TOPPERS_cfg_TMIN_TSKID
                0x08000240        0x8 objs/cfg1_out.o
                0x08000240                TOPPERS_cfg_TMIN_TSKID
 .rodata.TOPPERS_cfg_TNFY_ACTTSK
                0x08000248        0x8 objs/cfg1_out.o
                0x08000248                TOPPERS_cfg_TNFY_ACTTSK
 .rodata.TOPPERS_cfg_TNFY_HANDLER
                0x08000250        0x8 objs/cfg1_out.o
                0x08000250                TOPPERS_cfg_TNFY_HANDLER
 .rodata.TOPPERS_cfg_TNFY_INCVAR
                0x08000258        0x8 objs/cfg1_out.o
                0x08000258                TOPPERS_cfg_TNFY_INCVAR
 .rodata.TOPPERS_cfg_TNFY_SETFLG
                0x08000260        0x8 objs/cfg1_out.o
                0x08000260                TOPPERS_cfg_TNFY_SETFLG
 .rodata.TOPPERS_cfg_TNFY_SETVAR
                0x08000268        0x8 objs/cfg1_out.o
                0x08000268                TOPPERS_cfg_TNFY_SETVAR
 .rodata.TOPPERS_cfg_TNFY_SIGSEM
                0x08000270        0x8 objs/cfg1_out.o
                0x08000270                TOPPERS_cfg_TNFY_SIGSEM
 .rodata.TOPPERS_cfg_TNFY_SNDDTQ
                0x08000278        0x8 objs/cfg1_out.o
                0x08000278                TOPPERS_cfg_TNFY_SNDDTQ
 .rodata.TOPPERS_cfg_TNFY_WUPTSK
                0x08000280        0x8 objs/cfg1_out.o
                0x08000280                TOPPERS_cfg_TNFY_WUPTSK
 .rodata.TOPPERS_cfg_UCHAR_MAX
                0x08000288        0x8 objs/cfg1_out.o
                0x08000288                TOPPERS_cfg_UCHAR_MAX
 .rodata.TOPPERS_cfg_UINT_MAX
                0x08000290        0x8 objs/cfg1_out.o
                0x08000290                TOPPERS_cfg_UINT_MAX
 .rodata.TOPPERS_cfg_ULONG_MAX
                0x08000298        0x8 objs/cfg1_out.o
                0x08000298                TOPPERS_cfg_ULONG_MAX
 .rodata.TOPPERS_cfg_USE_EXTERNAL_ID
                0x080002a0        0x8 objs/cfg1_out.o
                0x080002a0                TOPPERS_cfg_USE_EXTERNAL_ID
 .rodata.TOPPERS_cfg_USE_INHINIB_TABLE
                0x080002a8        0x8 objs/cfg1_out.o
                0x080002a8                TOPPERS_cfg_USE_INHINIB_TABLE
 .rodata.TOPPERS_cfg_USE_INTINIB_TABLE
                0x080002b0        0x8 objs/cfg1_out.o
                0x080002b0                TOPPERS_cfg_USE_INTINIB_TABLE
 .rodata.TOPPERS_cfg_USE_TSKINICTXB
                0x080002b8        0x8 objs/cfg1_out.o
                0x080002b8                TOPPERS_cfg_USE_TSKINICTXB
 .rodata.TOPPERS_cfg_USHRT_MAX
                0x080002c0        0x8 objs/cfg1_out.o
                0x080002c0                TOPPERS_cfg_USHRT_MAX
 .rodata.TOPPERS_cfg_offsetof_ALMINIB_almatr
                0x080002c8        0x8 objs/cfg1_out.o
                0x080002c8                TOPPERS_cfg_offsetof_ALMINIB_almatr
 .rodata.TOPPERS_cfg_offsetof_ALMINIB_exinf
                0x080002d0        0x8 objs/cfg1_out.o
                0x080002d0                TOPPERS_cfg_offsetof_ALMINIB_exinf
 .rodata.TOPPERS_cfg_offsetof_ALMINIB_nfyhdr
                0x080002d8        0x8 objs/cfg1_out.o
                0x080002d8                TOPPERS_cfg_offsetof_ALMINIB_nfyhdr
 .rodata.TOPPERS_cfg_offsetof_CYCINIB_cycatr
                0x080002e0        0x8 objs/cfg1_out.o
                0x080002e0                TOPPERS_cfg_offsetof_CYCINIB_cycatr
 .rodata.TOPPERS_cfg_offsetof_CYCINIB_cycphs
                0x080002e8        0x8 objs/cfg1_out.o
                0x080002e8                TOPPERS_cfg_offsetof_CYCINIB_cycphs
 .rodata.TOPPERS_cfg_offsetof_CYCINIB_cyctim
                0x080002f0        0x8 objs/cfg1_out.o
                0x080002f0                TOPPERS_cfg_offsetof_CYCINIB_cyctim
 .rodata.TOPPERS_cfg_offsetof_CYCINIB_exinf
                0x080002f8        0x8 objs/cfg1_out.o
                0x080002f8                TOPPERS_cfg_offsetof_CYCINIB_exinf
 .rodata.TOPPERS_cfg_offsetof_CYCINIB_nfyhdr
                0x08000300        0x8 objs/cfg1_out.o
                0x08000300                TOPPERS_cfg_offsetof_CYCINIB_nfyhdr
 .rodata.TOPPERS_cfg_offsetof_DTQINIB_dtqatr
                0x08000308        0x8 objs/cfg1_out.o
                0x08000308                TOPPERS_cfg_offsetof_DTQINIB_dtqatr
 .rodata.TOPPERS_cfg_offsetof_DTQINIB_dtqcnt
                0x08000310        0x8 objs/cfg1_out.o
                0x08000310                TOPPERS_cfg_offsetof_DTQINIB_dtqcnt
 .rodata.TOPPERS_cfg_offsetof_DTQINIB_p_dtqmb
                0x08000318        0x8 objs/cfg1_out.o
                0x08000318                TOPPERS_cfg_offsetof_DTQINIB_p_dtqmb
 .rodata.TOPPERS_cfg_offsetof_EXCINIB_exc_entry
                0x08000320        0x8 objs/cfg1_out.o
                0x08000320                TOPPERS_cfg_offsetof_EXCINIB_exc_entry
 .rodata.TOPPERS_cfg_offsetof_EXCINIB_excatr
                0x08000328        0x8 objs/cfg1_out.o
                0x08000328                TOPPERS_cfg_offsetof_EXCINIB_excatr
 .rodata.TOPPERS_cfg_offsetof_EXCINIB_excno
                0x08000330        0x8 objs/cfg1_out.o
                0x08000330                TOPPERS_cfg_offsetof_EXCINIB_excno
 .rodata.TOPPERS_cfg_offsetof_FLGINIB_flgatr
                0x08000338        0x8 objs/cfg1_out.o
                0x08000338                TOPPERS_cfg_offsetof_FLGINIB_flgatr
 .rodata.TOPPERS_cfg_offsetof_FLGINIB_iflgptn
                0x08000340        0x8 objs/cfg1_out.o
                0x08000340                TOPPERS_cfg_offsetof_FLGINIB_iflgptn
 .rodata.TOPPERS_cfg_offsetof_INHINIB_inhatr
                0x08000348        0x8 objs/cfg1_out.o
                0x08000348                TOPPERS_cfg_offsetof_INHINIB_inhatr
 .rodata.TOPPERS_cfg_offsetof_INHINIB_inhno
                0x08000350        0x8 objs/cfg1_out.o
                0x08000350                TOPPERS_cfg_offsetof_INHINIB_inhno
 .rodata.TOPPERS_cfg_offsetof_INHINIB_int_entry
                0x08000358        0x8 objs/cfg1_out.o
                0x08000358                TOPPERS_cfg_offsetof_INHINIB_int_entry
 .rodata.TOPPERS_cfg_offsetof_INIRTNB_exinf
                0x08000360        0x8 objs/cfg1_out.o
                0x08000360                TOPPERS_cfg_offsetof_INIRTNB_exinf
 .rodata.TOPPERS_cfg_offsetof_INIRTNB_inirtn
                0x08000368        0x8 objs/cfg1_out.o
                0x08000368                TOPPERS_cfg_offsetof_INIRTNB_inirtn
 .rodata.TOPPERS_cfg_offsetof_INTINIB_intatr
                0x08000370        0x8 objs/cfg1_out.o
                0x08000370                TOPPERS_cfg_offsetof_INTINIB_intatr
 .rodata.TOPPERS_cfg_offsetof_INTINIB_intno
                0x08000378        0x8 objs/cfg1_out.o
                0x08000378                TOPPERS_cfg_offsetof_INTINIB_intno
 .rodata.TOPPERS_cfg_offsetof_INTINIB_intpri
                0x08000380        0x8 objs/cfg1_out.o
                0x08000380                TOPPERS_cfg_offsetof_INTINIB_intpri
 .rodata.TOPPERS_cfg_offsetof_MPFINIB_blkcnt
                0x08000388        0x8 objs/cfg1_out.o
                0x08000388                TOPPERS_cfg_offsetof_MPFINIB_blkcnt
 .rodata.TOPPERS_cfg_offsetof_MPFINIB_blksz
                0x08000390        0x8 objs/cfg1_out.o
                0x08000390                TOPPERS_cfg_offsetof_MPFINIB_blksz
 .rodata.TOPPERS_cfg_offsetof_MPFINIB_mpf
                0x08000398        0x8 objs/cfg1_out.o
                0x08000398                TOPPERS_cfg_offsetof_MPFINIB_mpf
 .rodata.TOPPERS_cfg_offsetof_MPFINIB_mpfatr
                0x080003a0        0x8 objs/cfg1_out.o
                0x080003a0                TOPPERS_cfg_offsetof_MPFINIB_mpfatr
 .rodata.TOPPERS_cfg_offsetof_MPFINIB_p_mpfmb
                0x080003a8        0x8 objs/cfg1_out.o
                0x080003a8                TOPPERS_cfg_offsetof_MPFINIB_p_mpfmb
 .rodata.TOPPERS_cfg_offsetof_MTXINIB_ceilpri
                0x080003b0        0x8 objs/cfg1_out.o
                0x080003b0                TOPPERS_cfg_offsetof_MTXINIB_ceilpri
 .rodata.TOPPERS_cfg_offsetof_MTXINIB_mtxatr
                0x080003b8        0x8 objs/cfg1_out.o
                0x080003b8                TOPPERS_cfg_offsetof_MTXINIB_mtxatr
 .rodata.TOPPERS_cfg_offsetof_PDQINIB_maxdpri
                0x080003c0        0x8 objs/cfg1_out.o
                0x080003c0                TOPPERS_cfg_offsetof_PDQINIB_maxdpri
 .rodata.TOPPERS_cfg_offsetof_PDQINIB_p_pdqmb
                0x080003c8        0x8 objs/cfg1_out.o
                0x080003c8                TOPPERS_cfg_offsetof_PDQINIB_p_pdqmb
 .rodata.TOPPERS_cfg_offsetof_PDQINIB_pdqatr
                0x080003d0        0x8 objs/cfg1_out.o
                0x080003d0                TOPPERS_cfg_offsetof_PDQINIB_pdqatr
 .rodata.TOPPERS_cfg_offsetof_PDQINIB_pdqcnt
                0x080003d8        0x8 objs/cfg1_out.o
                0x080003d8                TOPPERS_cfg_offsetof_PDQINIB_pdqcnt
 .rodata.TOPPERS_cfg_offsetof_SEMINIB_isemcnt
                0x080003e0        0x8 objs/cfg1_out.o
                0x080003e0                TOPPERS_cfg_offsetof_SEMINIB_isemcnt
 .rodata.TOPPERS_cfg_offsetof_SEMINIB_maxsem
                0x080003e8        0x8 objs/cfg1_out.o
                0x080003e8                TOPPERS_cfg_offsetof_SEMINIB_maxsem
 .rodata.TOPPERS_cfg_offsetof_SEMINIB_sematr
                0x080003f0        0x8 objs/cfg1_out.o
                0x080003f0                TOPPERS_cfg_offsetof_SEMINIB_sematr
 .rodata.TOPPERS_cfg_offsetof_TCB_fpu_flag
                0x080003f8        0x8 objs/cfg1_out.o
                0x080003f8                TOPPERS_cfg_offsetof_TCB_fpu_flag
 .rodata.TOPPERS_cfg_offsetof_TCB_p_tinib
                0x08000400        0x8 objs/cfg1_out.o
                0x08000400                TOPPERS_cfg_offsetof_TCB_p_tinib
 .rodata.TOPPERS_cfg_offsetof_TCB_pc
                0x08000408        0x8 objs/cfg1_out.o
                0x08000408                TOPPERS_cfg_offsetof_TCB_pc
 .rodata.TOPPERS_cfg_offsetof_TCB_sp
                0x08000410        0x8 objs/cfg1_out.o
                0x08000410                TOPPERS_cfg_offsetof_TCB_sp
 .rodata.TOPPERS_cfg_offsetof_TCB_stk_top
                0x08000418        0x8 objs/cfg1_out.o
                0x08000418                TOPPERS_cfg_offsetof_TCB_stk_top
 .rodata.TOPPERS_cfg_offsetof_TERRTNB_exinf
                0x08000420        0x8 objs/cfg1_out.o
                0x08000420                TOPPERS_cfg_offsetof_TERRTNB_exinf
 .rodata.TOPPERS_cfg_offsetof_TERRTNB_terrtn
                0x08000428        0x8 objs/cfg1_out.o
                0x08000428                TOPPERS_cfg_offsetof_TERRTNB_terrtn
 .rodata.TOPPERS_cfg_offsetof_TINIB_TSKINICTXB_stk_bottom
                0x08000430        0x8 objs/cfg1_out.o
                0x08000430                TOPPERS_cfg_offsetof_TINIB_TSKINICTXB_stk_bottom
 .rodata.TOPPERS_cfg_offsetof_TINIB_TSKINICTXB_stk_top
                0x08000438        0x8 objs/cfg1_out.o
                0x08000438                TOPPERS_cfg_offsetof_TINIB_TSKINICTXB_stk_top
 .rodata.TOPPERS_cfg_offsetof_TINIB_exinf
                0x08000440        0x8 objs/cfg1_out.o
                0x08000440                TOPPERS_cfg_offsetof_TINIB_exinf
 .rodata.TOPPERS_cfg_offsetof_TINIB_ipriority
                0x08000448        0x8 objs/cfg1_out.o
                0x08000448                TOPPERS_cfg_offsetof_TINIB_ipriority
 .rodata.TOPPERS_cfg_offsetof_TINIB_task
                0x08000450        0x8 objs/cfg1_out.o
                0x08000450                TOPPERS_cfg_offsetof_TINIB_task
 .rodata.TOPPERS_cfg_offsetof_TINIB_tskatr
                0x08000458        0x8 objs/cfg1_out.o
                0x08000458                TOPPERS_cfg_offsetof_TINIB_tskatr
 .rodata.TOPPERS_cfg_sizeof_ALMINIB
                0x08000460        0x8 objs/cfg1_out.o
                0x08000460                TOPPERS_cfg_sizeof_ALMINIB
 .rodata.TOPPERS_cfg_sizeof_CYCINIB
                0x08000468        0x8 objs/cfg1_out.o
                0x08000468                TOPPERS_cfg_sizeof_CYCINIB
 .rodata.TOPPERS_cfg_sizeof_DTQINIB
                0x08000470        0x8 objs/cfg1_out.o
                0x08000470                TOPPERS_cfg_sizeof_DTQINIB
 .rodata.TOPPERS_cfg_sizeof_EXCHDR
                0x08000478        0x8 objs/cfg1_out.o
                0x08000478                TOPPERS_cfg_sizeof_EXCHDR
 .rodata.TOPPERS_cfg_sizeof_EXCINIB
                0x08000480        0x8 objs/cfg1_out.o
                0x08000480                TOPPERS_cfg_sizeof_EXCINIB
 .rodata.TOPPERS_cfg_sizeof_EXCNO
                0x08000488        0x8 objs/cfg1_out.o
                0x08000488                TOPPERS_cfg_sizeof_EXCNO
 .rodata.TOPPERS_cfg_sizeof_FLGINIB
                0x08000490        0x8 objs/cfg1_out.o
                0x08000490                TOPPERS_cfg_sizeof_FLGINIB
 .rodata.TOPPERS_cfg_sizeof_FLGPTN
                0x08000498        0x8 objs/cfg1_out.o
                0x08000498                TOPPERS_cfg_sizeof_FLGPTN
 .rodata.TOPPERS_cfg_sizeof_FP
                0x080004a0        0x8 objs/cfg1_out.o
                0x080004a0                TOPPERS_cfg_sizeof_FP
 .rodata.TOPPERS_cfg_sizeof_ID
                0x080004a8        0x8 objs/cfg1_out.o
                0x080004a8                TOPPERS_cfg_sizeof_ID
 .rodata.TOPPERS_cfg_sizeof_INHINIB
                0x080004b0        0x8 objs/cfg1_out.o
                0x080004b0                TOPPERS_cfg_sizeof_INHINIB
 .rodata.TOPPERS_cfg_sizeof_INHNO
                0x080004b8        0x8 objs/cfg1_out.o
                0x080004b8                TOPPERS_cfg_sizeof_INHNO
 .rodata.TOPPERS_cfg_sizeof_INIRTN
                0x080004c0        0x8 objs/cfg1_out.o
                0x080004c0                TOPPERS_cfg_sizeof_INIRTN
 .rodata.TOPPERS_cfg_sizeof_INIRTNB
                0x080004c8        0x8 objs/cfg1_out.o
                0x080004c8                TOPPERS_cfg_sizeof_INIRTNB
 .rodata.TOPPERS_cfg_sizeof_INTHDR
                0x080004d0        0x8 objs/cfg1_out.o
                0x080004d0                TOPPERS_cfg_sizeof_INTHDR
 .rodata.TOPPERS_cfg_sizeof_INTINIB
                0x080004d8        0x8 objs/cfg1_out.o
                0x080004d8                TOPPERS_cfg_sizeof_INTINIB
 .rodata.TOPPERS_cfg_sizeof_INTNO
                0x080004e0        0x8 objs/cfg1_out.o
                0x080004e0                TOPPERS_cfg_sizeof_INTNO
 .rodata.TOPPERS_cfg_sizeof_ISR
                0x080004e8        0x8 objs/cfg1_out.o
                0x080004e8                TOPPERS_cfg_sizeof_ISR
 .rodata.TOPPERS_cfg_sizeof_MPFINIB
                0x080004f0        0x8 objs/cfg1_out.o
                0x080004f0                TOPPERS_cfg_sizeof_MPFINIB
 .rodata.TOPPERS_cfg_sizeof_MTXINIB
                0x080004f8        0x8 objs/cfg1_out.o
                0x080004f8                TOPPERS_cfg_sizeof_MTXINIB
 .rodata.TOPPERS_cfg_sizeof_NFYHDR
                0x08000500        0x8 objs/cfg1_out.o
                0x08000500                TOPPERS_cfg_sizeof_NFYHDR
 .rodata.TOPPERS_cfg_sizeof_PDQINIB
                0x08000508        0x8 objs/cfg1_out.o
                0x08000508                TOPPERS_cfg_sizeof_PDQINIB
 .rodata.TOPPERS_cfg_sizeof_SEMINIB
                0x08000510        0x8 objs/cfg1_out.o
                0x08000510                TOPPERS_cfg_sizeof_SEMINIB
 .rodata.TOPPERS_cfg_sizeof_TASK
                0x08000518        0x8 objs/cfg1_out.o
                0x08000518                TOPPERS_cfg_sizeof_TASK
 .rodata.TOPPERS_cfg_sizeof_TCB
                0x08000520        0x8 objs/cfg1_out.o
                0x08000520                TOPPERS_cfg_sizeof_TCB
 .rodata.TOPPERS_cfg_sizeof_TERRTN
                0x08000528        0x8 objs/cfg1_out.o
                0x08000528                TOPPERS_cfg_sizeof_TERRTN
 .rodata.TOPPERS_cfg_sizeof_TERRTNB
                0x08000530        0x8 objs/cfg1_out.o
                0x08000530                TOPPERS_cfg_sizeof_TERRTNB
 .rodata.TOPPERS_cfg_sizeof_TINIB
                0x08000538        0x8 objs/cfg1_out.o
                0x08000538                TOPPERS_cfg_sizeof_TINIB
 .rodata.TOPPERS_cfg_sizeof_TMEHDR
                0x08000540        0x8 objs/cfg1_out.o
                0x08000540                TOPPERS_cfg_sizeof_TMEHDR
 .rodata.TOPPERS_cfg_sizeof_intptr_t
                0x08000548        0x8 objs/cfg1_out.o
                0x08000548                TOPPERS_cfg_sizeof_intptr_t
 .rodata.TOPPERS_cfg_sizeof_size_t
                0x08000550        0x8 objs/cfg1_out.o
                0x08000550                TOPPERS_cfg_sizeof_size_t
 .rodata.TOPPERS_cfg_sizeof_uint_t
                0x08000558        0x8 objs/cfg1_out.o
                0x08000558                TOPPERS_cfg_sizeof_uint_t
 .rodata.TOPPERS_cfg_sizeof_void_ptr
                0x08000560        0x8 objs/cfg1_out.o
                0x08000560                TOPPERS_cfg_sizeof_void_ptr
 .rodata.TOPPERS_cfg_static_api_10
                0x08000568        0x8 objs/cfg1_out.o
                0x08000568                TOPPERS_cfg_static_api_10
 .rodata.TOPPERS_cfg_static_api_11
                0x08000570        0x8 objs/cfg1_out.o
                0x08000570                TOPPERS_cfg_static_api_11
 .rodata.TOPPERS_cfg_static_api_12
                0x08000578        0x8 objs/cfg1_out.o
                0x08000578                TOPPERS_cfg_static_api_12
 .rodata.TOPPERS_cfg_static_api_13
                0x08000580        0x8 objs/cfg1_out.o
                0x08000580                TOPPERS_cfg_static_api_13
 .rodata.TOPPERS_cfg_static_api_14
                0x08000588        0x8 objs/cfg1_out.o
                0x08000588                TOPPERS_cfg_static_api_14
 .rodata.TOPPERS_cfg_static_api_15
                0x08000590        0x8 objs/cfg1_out.o
                0x08000590                TOPPERS_cfg_static_api_15
 .rodata.TOPPERS_cfg_static_api_16
                0x08000598        0x8 objs/cfg1_out.o
                0x08000598                TOPPERS_cfg_static_api_16
 .rodata.TOPPERS_cfg_static_api_17
                0x080005a0        0x8 objs/cfg1_out.o
                0x080005a0                TOPPERS_cfg_static_api_17
 .rodata.TOPPERS_cfg_static_api_18
                0x080005a8        0x8 objs/cfg1_out.o
                0x080005a8                TOPPERS_cfg_static_api_18
 .rodata.TOPPERS_cfg_static_api_19
                0x080005b0        0x8 objs/cfg1_out.o
                0x080005b0                TOPPERS_cfg_static_api_19
 .rodata.TOPPERS_cfg_static_api_20
                0x080005b8        0x8 objs/cfg1_out.o
                0x080005b8                TOPPERS_cfg_static_api_20
 .rodata.TOPPERS_cfg_static_api_21
                0x080005c0        0x8 objs/cfg1_out.o
                0x080005c0                TOPPERS_cfg_static_api_21
 .rodata.TOPPERS_cfg_static_api_22
                0x080005c8        0x8 objs/cfg1_out.o
                0x080005c8                TOPPERS_cfg_static_api_22
 .rodata.TOPPERS_cfg_static_api_25
                0x080005d0        0x8 objs/cfg1_out.o
                0x080005d0                TOPPERS_cfg_static_api_25
 .rodata.TOPPERS_cfg_static_api_5
                0x080005d8        0x8 objs/cfg1_out.o
                0x080005d8                TOPPERS_cfg_static_api_5
 .rodata.TOPPERS_cfg_static_api_6
                0x080005e0        0x8 objs/cfg1_out.o
                0x080005e0                TOPPERS_cfg_static_api_6
 .rodata.TOPPERS_cfg_static_api_7
                0x080005e8        0x8 objs/cfg1_out.o
                0x080005e8                TOPPERS_cfg_static_api_7
 .rodata.TOPPERS_cfg_static_api_8
                0x080005f0        0x8 objs/cfg1_out.o
                0x080005f0                TOPPERS_cfg_static_api_8
 .rodata.TOPPERS_cfg_static_api_9
                0x080005f8        0x8 objs/cfg1_out.o
                0x080005f8                TOPPERS_cfg_static_api_9
 .rodata.TOPPERS_cfg_valueof_almatr_22
                0x08000600        0x8 objs/cfg1_out.o
                0x08000600                TOPPERS_cfg_valueof_almatr_22
 .rodata.TOPPERS_cfg_valueof_cycatr_21
                0x08000608        0x8 objs/cfg1_out.o
                0x08000608                TOPPERS_cfg_valueof_cycatr_21
 .rodata.TOPPERS_cfg_valueof_cycphs_21
                0x08000610        0x8 objs/cfg1_out.o
                0x08000610                TOPPERS_cfg_valueof_cycphs_21
 .rodata.TOPPERS_cfg_valueof_cyctim_21
                0x08000618        0x8 objs/cfg1_out.o
                0x08000618                TOPPERS_cfg_valueof_cyctim_21
 .rodata.TOPPERS_cfg_valueof_excatr_25
                0x08000620        0x8 objs/cfg1_out.o
                0x08000620                TOPPERS_cfg_valueof_excatr_25
 .rodata.TOPPERS_cfg_valueof_excno_25
                0x08000628        0x8 objs/cfg1_out.o
                0x08000628                TOPPERS_cfg_valueof_excno_25
 .rodata.TOPPERS_cfg_valueof_inhatr_8
                0x08000630        0x8 objs/cfg1_out.o
                0x08000630                TOPPERS_cfg_valueof_inhatr_8
 .rodata.TOPPERS_cfg_valueof_inhno_8
                0x08000638        0x8 objs/cfg1_out.o
                0x08000638                TOPPERS_cfg_valueof_inhno_8
 .rodata.TOPPERS_cfg_valueof_iniatr_14
                0x08000640        0x8 objs/cfg1_out.o
                0x08000640                TOPPERS_cfg_valueof_iniatr_14
 .rodata.TOPPERS_cfg_valueof_iniatr_5
                0x08000648        0x8 objs/cfg1_out.o
                0x08000648                TOPPERS_cfg_valueof_iniatr_5
 .rodata.TOPPERS_cfg_valueof_intatr_12
                0x08000650        0x8 objs/cfg1_out.o
                0x08000650                TOPPERS_cfg_valueof_intatr_12
 .rodata.TOPPERS_cfg_valueof_intatr_7
                0x08000658        0x8 objs/cfg1_out.o
                0x08000658                TOPPERS_cfg_valueof_intatr_7
 .rodata.TOPPERS_cfg_valueof_intno_12
                0x08000660        0x8 objs/cfg1_out.o
                0x08000660                TOPPERS_cfg_valueof_intno_12
 .rodata.TOPPERS_cfg_valueof_intno_13
                0x08000668        0x8 objs/cfg1_out.o
                0x08000668                TOPPERS_cfg_valueof_intno_13
 .rodata.TOPPERS_cfg_valueof_intno_7
                0x08000670        0x8 objs/cfg1_out.o
                0x08000670                TOPPERS_cfg_valueof_intno_7
 .rodata.TOPPERS_cfg_valueof_intpri_12
                0x08000678        0x8 objs/cfg1_out.o
                0x08000678                TOPPERS_cfg_valueof_intpri_12
 .rodata.TOPPERS_cfg_valueof_intpri_7
                0x08000680        0x8 objs/cfg1_out.o
                0x08000680                TOPPERS_cfg_valueof_intpri_7
 .rodata.TOPPERS_cfg_valueof_isemcnt_10
                0x08000688        0x8 objs/cfg1_out.o
                0x08000688                TOPPERS_cfg_valueof_isemcnt_10
 .rodata.TOPPERS_cfg_valueof_isemcnt_11
                0x08000690        0x8 objs/cfg1_out.o
                0x08000690                TOPPERS_cfg_valueof_isemcnt_11
 .rodata.TOPPERS_cfg_valueof_isratr_13
                0x08000698        0x8 objs/cfg1_out.o
                0x08000698                TOPPERS_cfg_valueof_isratr_13
 .rodata.TOPPERS_cfg_valueof_isrpri_13
                0x080006a0        0x8 objs/cfg1_out.o
                0x080006a0                TOPPERS_cfg_valueof_isrpri_13
 .rodata.TOPPERS_cfg_valueof_itskpri_16
                0x080006a8        0x8 objs/cfg1_out.o
                0x080006a8                TOPPERS_cfg_valueof_itskpri_16
 .rodata.TOPPERS_cfg_valueof_itskpri_17
                0x080006b0        0x8 objs/cfg1_out.o
                0x080006b0                TOPPERS_cfg_valueof_itskpri_17
 .rodata.TOPPERS_cfg_valueof_itskpri_18
                0x080006b8        0x8 objs/cfg1_out.o
                0x080006b8                TOPPERS_cfg_valueof_itskpri_18
 .rodata.TOPPERS_cfg_valueof_itskpri_19
                0x080006c0        0x8 objs/cfg1_out.o
                0x080006c0                TOPPERS_cfg_valueof_itskpri_19
 .rodata.TOPPERS_cfg_valueof_itskpri_20
                0x080006c8        0x8 objs/cfg1_out.o
                0x080006c8                TOPPERS_cfg_valueof_itskpri_20
 .rodata.TOPPERS_cfg_valueof_itskpri_9
                0x080006d0        0x8 objs/cfg1_out.o
                0x080006d0                TOPPERS_cfg_valueof_itskpri_9
 .rodata.TOPPERS_cfg_valueof_maxsem_10
                0x080006d8        0x8 objs/cfg1_out.o
                0x080006d8                TOPPERS_cfg_valueof_maxsem_10
 .rodata.TOPPERS_cfg_valueof_maxsem_11
                0x080006e0        0x8 objs/cfg1_out.o
                0x080006e0                TOPPERS_cfg_valueof_maxsem_11
 .rodata.TOPPERS_cfg_valueof_nfymode_21
                0x080006e8        0x8 objs/cfg1_out.o
                0x080006e8                TOPPERS_cfg_valueof_nfymode_21
 .rodata.TOPPERS_cfg_valueof_nfymode_22
                0x080006f0        0x8 objs/cfg1_out.o
                0x080006f0                TOPPERS_cfg_valueof_nfymode_22
 .rodata.TOPPERS_cfg_valueof_sematr_10
                0x080006f8        0x8 objs/cfg1_out.o
                0x080006f8                TOPPERS_cfg_valueof_sematr_10
 .rodata.TOPPERS_cfg_valueof_sematr_11
                0x08000700        0x8 objs/cfg1_out.o
                0x08000700                TOPPERS_cfg_valueof_sematr_11
 .rodata.TOPPERS_cfg_valueof_stksz_16
                0x08000708        0x8 objs/cfg1_out.o
                0x08000708                TOPPERS_cfg_valueof_stksz_16
 .rodata.TOPPERS_cfg_valueof_stksz_17
                0x08000710        0x8 objs/cfg1_out.o
                0x08000710                TOPPERS_cfg_valueof_stksz_17
 .rodata.TOPPERS_cfg_valueof_stksz_18
                0x08000718        0x8 objs/cfg1_out.o
                0x08000718                TOPPERS_cfg_valueof_stksz_18
 .rodata.TOPPERS_cfg_valueof_stksz_19
                0x08000720        0x8 objs/cfg1_out.o
                0x08000720                TOPPERS_cfg_valueof_stksz_19
 .rodata.TOPPERS_cfg_valueof_stksz_20
                0x08000728        0x8 objs/cfg1_out.o
                0x08000728                TOPPERS_cfg_valueof_stksz_20
 .rodata.TOPPERS_cfg_valueof_stksz_9
                0x08000730        0x8 objs/cfg1_out.o
                0x08000730                TOPPERS_cfg_valueof_stksz_9
 .rodata.TOPPERS_cfg_valueof_teratr_15
                0x08000738        0x8 objs/cfg1_out.o
                0x08000738                TOPPERS_cfg_valueof_teratr_15
 .rodata.TOPPERS_cfg_valueof_teratr_6
                0x08000740        0x8 objs/cfg1_out.o
                0x08000740                TOPPERS_cfg_valueof_teratr_6
 .rodata.TOPPERS_cfg_valueof_tskatr_16
                0x08000748        0x8 objs/cfg1_out.o
                0x08000748                TOPPERS_cfg_valueof_tskatr_16
 .rodata.TOPPERS_cfg_valueof_tskatr_17
                0x08000750        0x8 objs/cfg1_out.o
                0x08000750                TOPPERS_cfg_valueof_tskatr_17
 .rodata.TOPPERS_cfg_valueof_tskatr_18
                0x08000758        0x8 objs/cfg1_out.o
                0x08000758                TOPPERS_cfg_valueof_tskatr_18
 .rodata.TOPPERS_cfg_valueof_tskatr_19
                0x08000760        0x8 objs/cfg1_out.o
                0x08000760                TOPPERS_cfg_valueof_tskatr_19
 .rodata.TOPPERS_cfg_valueof_tskatr_20
                0x08000768        0x8 objs/cfg1_out.o
                0x08000768                TOPPERS_cfg_valueof_tskatr_20
 .rodata.TOPPERS_cfg_valueof_tskatr_9
                0x08000770        0x8 objs/cfg1_out.o
                0x08000770                TOPPERS_cfg_valueof_tskatr_9
 .rodata.TOPPERS_magic_number
                0x08000778        0x4 objs/cfg1_out.o
                0x08000778                TOPPERS_magic_number
 .rodata.TOPPERS_sizeof_char_ptr_t
                0x0800077c        0x4 objs/cfg1_out.o
                0x0800077c                TOPPERS_sizeof_char_ptr_t
 .rodata.TOPPERS_sizeof_intptr_t
                0x08000780        0x4 objs/cfg1_out.o
                0x08000780                TOPPERS_sizeof_intptr_t
 .rodata.TOPPERS_sizeof_signed_t
                0x08000784        0x4 objs/cfg1_out.o
                0x08000784                TOPPERS_sizeof_signed_t
 .rodata._kernel_istkpt
                0x08000788        0x4 objs/cfg1_out.o
                0x08000788                _kernel_istkpt
                0x0800078c                . = ALIGN (0x4)

.ARM.extab
 *(.ARM.extab* .gnu.linkonce.armextab.*)
                0x0800078c                __exidx_start = .

.ARM.exidx
 *(.ARM.exidx* .gnu.linkonce.armexidx.*)
                0x0800078c                __exidx_end = .
                0x0800078c                . = ALIGN (0x4)
                0x0800078c                __idata_start = .

.data           0x20000000        0x0 load address 0x0800078c
                0x20000000                . = ALIGN (0x4)
                0x20000000                __data_start = .
 *(.data)
 .data          0x20000000        0x0 objs/cfg1_out.o
 *(.data.*)
                0x20000000                . = ALIGN (0x4)
                0x0800078c                __idata_end = (__idata_start + SIZEOF (.data))
                0x20000000                _edata = .
                [!provide]                PROVIDE (edata = .)
                0x20000000                . = ALIGN (0x4)

.bss            0x20000000        0x0 load address 0x0800078c
                0x20000000                . = ALIGN (0x4)
                0x20000000                __bss_start = .
 *(.bss)
 .bss           0x20000000        0x0 objs/cfg1_out.o
 *(.bss.*)
 *(COMMON)
                0x20000000                . = ALIGN (0x4)
                0x20000000                . = ALIGN (0x4)
                0x20000000                _end = .
                0x20000000                __bss_end = .
                [!provide]                PROVIDE (end = .)
LOAD objs/cfg1_out.o
LOAD c:/cygwin64/home/hiro2/arm-gcc/gcc-arm-11.2-2022.02-mingw-w64-i686-arm-none-eabi/bin/../lib/gcc/arm-none-eabi/11.2.1/thumb/v7e-m+dp/hard\libc.a
LOAD c:/cygwin64/home/hiro2/arm-gcc/gcc-arm-11.2-2022.02-mingw-w64-i686-arm-none-eabi/bin/../lib/gcc/arm-none-eabi/11.2.1/thumb/v7e-m+dp/hard\libgcc.a
OUTPUT(cfg1_out.exe elf32-littlearm)
LOAD linker stubs

.debug_info     0x00000000     0x15bf
 .debug_info    0x00000000     0x15bf objs/cfg1_out.o

.debug_abbrev   0x00000000       0xeb
 .debug_abbrev  0x00000000       0xeb objs/cfg1_out.o

.debug_aranges  0x00000000       0x20
 .debug_aranges
                0x00000000       0x20 objs/cfg1_out.o

.debug_rnglists
                0x00000000       0x13
 .debug_rnglists
                0x00000000       0x13 objs/cfg1_out.o

.debug_line     0x00000000      0x2a0
 .debug_line    0x00000000      0x2a0 objs/cfg1_out.o

.debug_str      0x00000000     0x2493
 .debug_str     0x00000000     0x2493 objs/cfg1_out.o
                               0x251e (size before relaxing)

.comment        0x00000000       0x57
 .comment       0x00000000       0x57 objs/cfg1_out.o
                                 0x58 (size before relaxing)

.ARM.attributes
                0x00000000       0x32
 .ARM.attributes
                0x00000000       0x32 objs/cfg1_out.o

.debug_frame    0x00000000       0x30
 .debug_frame   0x00000000       0x30 objs/cfg1_out.o
