../../Drivers/CMSIS/Include/core_cm7.h:1896:22:__NVIC_EnableIRQ	16	static
../Core/Src/main.c:102:6:led_init	40	static
../Core/Src/main.c:125:6:led_on	16	static
../Core/Src/main.c:131:6:led_off	16	static
../Core/Src/main.c:137:6:led_set	24	static
../Core/Src/main.c:192:5:main	72	static
../Core/Src/main.c:364:6:SystemClock_Config	312	static
../Core/Src/main.c:472:13:MX_TIM2_Init	40	static
../Core/Src/main.c:595:13:MX_TIM5_Init	40	static
../Core/Src/main.c:667:6:TIM5_IRQHandler	8	static
../Core/Src/main.c:702:13:MX_USART1_UART_Init	8	static
../Core/Src/main.c:747:6:USART1_IRQHandler	8	static
../Core/Src/main.c:757:13:MX_GPIO_Init	40	static
../Core/Src/main.c:784:6:Error_Handler	4	static
